[backblue.gif]
[fade.gif]
[index.html]
[www.cathay-ins.com.tw/cathayins/index.html]
[www.cathay-ins.com.tw/CathayCINS/Web/img/common/youtube-black.png]
[www.cathay-ins.com.tw/CathayCINS/Web/img/common/fb-black.png]
[www.cathay-ins.com.tw/CathayCINS/Web/img/common/line-black.png]
[www.cathay-ins.com.tw/CathayCINS/Web/img/common/logo.png]
[www.cathay-ins.com.tw/CathayCINS/Web/img/common/dropdown-menu-car.png]
[www.cathay-ins.com.tw/CathayCINS/Web/img/common/dropdown-menu-motor.png]
[www.cathay-ins.com.tw/CathayCINS/Web/img/common/dropdown-menu-suitcase.png]
[www.cathay-ins.com.tw/CathayCINS/Web/img/header/category-1.png]
[www.cathay-ins.com.tw/CathayCINS/Web/img/header/category-2.png]
[www.cathay-ins.com.tw/CathayCINS/Web/img/header/category-3.png]
[www.cathay-ins.com.tw/CathayCINS/Web/img/header/category-4.png]
[www.cathay-ins.com.tw/CathayCINS/Web/img/header/category-5.png]
[www.cathay-ins.com.tw/CathayCINS/Web/img/header/category-6.png]
[www.cathay-ins.com.tw/CathayCINS/Web/img/header/insurance-service-1.png]
[www.cathay-ins.com.tw/CathayCINS/Web/img/header/insurance-service-2.png]
[www.cathay-ins.com.tw/CathayCINS/Web/img/header/insurance-service-3.png]
[www.cathay-ins.com.tw/CathayCINS/Web/img/common/app-black.png]
[www.cathay-ins.com.tw/cathayins/-/media/carswitch560x2084d05.png]
[www.cathay-ins.com.tw/cathayins/-/media/carswitch560x20869a0.png]
[www.cathay-ins.com.tw/cathayins/-/media/car_560x208e7cd.jpg]
[www.cathay-ins.com.tw/cathayins/-/media/car_560x208f52b.jpg]
[www.cathay-ins.com.tw/cathayins/-/media/fire_560x208a603.jpg]
[www.cathay-ins.com.tw/cathayins/-/media/fire_560x208f52b.jpg]
[www.cathay-ins.com.tw/CathayCINS/Web/img/header/about-1.png]
[www.cathay-ins.com.tw/CathayCINS/Web/img/header/about-2.png]
[www.cathay-ins.com.tw/CathayCINS/Web/img/header/about-3.png]
[www.cathay-ins.com.tw/CathayCINS/web/img/index/mobile-parallax-1.png]
[www.cathay-ins.com.tw/CathayCINS/web/img/index/mobile-parallax-2.png]
[www.cathay-ins.com.tw/CathayCINS/web/img/index/mobile-parallax-3.png]
[www.cathay-ins.com.tw/CathayCINS/web/img/index/search-container-1.png]
[www.cathay-ins.com.tw/CathayCINS/web/img/index/search-container-2.png]
[www.cathay-ins.com.tw/CathayCINS/web/img/index/search-container-3.png]
[www.cathay-ins.com.tw/CathayCINS/web/img/index/search-container-4.png]
[www.cathay-ins.com.tw/cathayins/-/media/slogan.png]
[www.cathay-ins.com.tw/cathayins/-/media/760x560-iPhone11.png]
[www.cathay-ins.com.tw/cathayins/-/media/travel_582x429.jpg]
[www.cathay-ins.com.tw/cathayins/-/media/pet_png.png]
[www.cathay-ins.com.tw/cathayins/-/media/Card2.jpg]
[www.cathay-ins.com.tw/cathayins/-/media/Card2-sm.jpg]
[www.cathay-ins.com.tw/cathayins/-/media/Card3.jpg]
[www.cathay-ins.com.tw/cathayins/-/media/Card3-sm.jpg]
[www.cathay-ins.com.tw/cathayins/-/media/Card4.jpg]
[www.cathay-ins.com.tw/cathayins/-/media/Card4-sm.jpg]
[www.cathay-ins.com.tw/cathayins/-/media/Card6.jpg]
[www.cathay-ins.com.tw/cathayins/-/media/Card6-sm.jpg]
[www.cathay-ins.com.tw/CathayCINS/Web/img/index/tab-arrow.png]
[www.cathay-ins.com.tw/cathayins/-/media/uneedbg2xcb64.png]
[www.cathay-ins.com.tw/cathayins/-/media/mainline2x7073.png]
[www.cathay-ins.com.tw/cathayins/-/media/payment2x892f.png]
[www.cathay-ins.com.tw/cathayins/-/media/claim2xe88a.png]
[www.cathay-ins.com.tw/cathayins/-/media/document2x9aae.png]
[www.cathay-ins.com.tw/cathayins/-/media/architecture_1280x720.jpg]
[www.cathay-ins.com.tw/cathayins/-/media/architecture_668x320.jpg]
[www.cathay-ins.com.tw/cathayins/-/media/mainlinesm2x3ef7.png]
[www.cathay-ins.com.tw/cathayins/-/media/happness2x07aa.png]
[www.cathay-ins.com.tw/cathayins/-/media/suitcasewhite2x5462.png]
[www.cathay-ins.com.tw/cathayins/-/media/gift2x25a7.png]
[www.cathay-ins.com.tw/cathayins/-/media/sitemapbg2xd63a.png]
[www.cathay-ins.com.tw/CathayCINS/web/img/common/cookies.png]
[www.cathay-ins.com.tw/cathayins/-/media/fbblack2x.png]
[www.cathay-ins.com.tw/cathayins/-/media/youtubeblack2x.png]
[www.cathay-ins.com.tw/cathayins/-/media/lineblack2x.png]
[www.cathay-ins.com.tw/cathayins/-/media/direct insurance7f8d.pdf]
[www.cathay-ins.com.tw/cathayins/-/media/location.png]
[www.cathay-ins.com.tw/cathayins/-/media/location2x.png]
[www.cathay-ins.com.tw/cathayins/-/media/email.png]
[www.cathay-ins.com.tw/cathayins/-/media/email2x.png]
[www.cathay-ins.com.tw/cathayins/-/media/line.png]
[www.cathay-ins.com.tw/cathayins/-/media/line2x.png]
[www.cathay-ins.com.tw/cathayins/-/media/logo-footer.png]
[www.cathay-ins.com.tw/cathayins/-/media/logofooter2x.png]
[www.cathay-ins.com.tw/cathayins/-/media/fb-circular.png]
[www.cathay-ins.com.tw/cathayins/-/media/fbcircular2x.png]
[www.cathay-ins.com.tw/cathayins/-/media/youtube-circular.png]
[www.cathay-ins.com.tw/cathayins/-/media/youtubecircular2x.png]
[www.cathay-ins.com.tw/cathayins/-/media/line-circular.png]
[www.cathay-ins.com.tw/cathayins/-/media/linecircular2x.png]
[www.cathay-ins.com.tw/CathayCINS/Web/js/lib30f4.js]
[www.cathay-ins.com.tw/CathayCINS/Web/js/jquery-ui.min30f4.js]
[www.cathay-ins.com.tw/CathayCINS/Web/js/app30f4.js]
[www.cathay-ins.com.tw/CathayCINS/Web/js/custom/QueriesHelper30f4.js]
[www.cathay-ins.com.tw/CathayCINS/Web/js/custom/CoockiFlagChange30f4.js]
[www.cathay-ins.com.tw/CathayCINS/Web/js/custom/custom30f4.js]
[www.cathay-ins.com.tw/CathayCINS/Web/js/custom/divModalMover30f4.js]
[www.cathay-ins.com.tw/CathayCINS/Web/js/custom/subMenuController30f4.js]
[www.cathay-ins.com.tw/CathayCINS/Web/js/custom/browserDetect592e.js]
[www.cathay-ins.com.tw/cathayins/personal/index.html]
[www.googletagmanager.com/gtm5445.html]
[www.cathay-ins.com.tw/CathayCINS/Web/css/fonts30f4.css]
[www.cathay-ins.com.tw/CathayCINS/Web/css/app30f4.css]
[www.cathay-ins.com.tw/CathayCINS/Web/css/icon30f4.css]
[www.cathay-ins.com.tw/CathayCINS/Web/css/jquery-ui30f4.css]
[www.cathay-ins.com.tw/CathayCINS/Web/css/custom_adjust30f4.css]
[www.cathay-ins.com.tw/CXIDocs/PF/image/claim/PFA4_0010/banner-payment@2x.png]
[www.cathay-ins.com.tw/CXIDocs/PF/image/claim/PFA4_0010/bg@2x.png]
[www.cathay-ins.com.tw/CXIDocs/PF/image/claim/PFA4_0010/car_white.png]
[www.cathay-ins.com.tw/CXIDocs/PF/image/claim/PFA4_0010/car_black.png]
[www.cathay-ins.com.tw/CXIDocs/PF/image/claim/PFA4_0010/flight_white.png]
[www.cathay-ins.com.tw/CXIDocs/PF/image/claim/PFA4_0010/flight_black.png]
[www.cathay-ins.com.tw/CXIDocs/PF/image/claim/PFA4_0010/house_white.png]
[www.cathay-ins.com.tw/CXIDocs/PF/image/claim/PFA4_0010/house_black.png]
[www.cathay-ins.com.tw/CXIDocs/PF/image/claim/PFA4_0010/pet_white.png]
[www.cathay-ins.com.tw/CXIDocs/PF/image/claim/PFA4_0010/pet_black.png]
[www.cathay-ins.com.tw/CXIDocs/PF/image/claim/PFA4_0010/mobile_white.png]
[www.cathay-ins.com.tw/CXIDocs/PF/image/claim/PFA4_0010/mobile_black.png]
[www.cathay-ins.com.tw/cathayins/-/media/AW44e6.png]
[www.cathay-ins.com.tw/cathayins/-/media/AB4dd3.png]
[www.cathay-ins.com.tw/CXIDocs/PF/image/claim/PFA4_0010/health_white.png]
[www.cathay-ins.com.tw/CXIDocs/PF/image/claim/PFA4_0010/health_black.png]
[www.cathay-ins.com.tw/CXIDocs/PF/image/claim/PFA4_0010/bike_white.png]
[www.cathay-ins.com.tw/CXIDocs/PF/image/claim/PFA4_0010/bike_black.png]
[www.cathay-ins.com.tw/INSPFWeb/html/img/common/empty-section-bg.png]
[www.cathay-ins.com.tw/INSPFWeb/html/img/common/life-service.png]
[www.cathay-ins.com.tw/INSPFWeb/html/img/common/main-line.png]
[www.cathay-ins.com.tw/cathayins/personal/claim/index.html]
[www.cathay-ins.com.tw/cathayins/-/media/car.png]
[www.cathay-ins.com.tw/cathayins/-/media/car2x.png]
[www.cathay-ins.com.tw/cathayins/-/media/situation-bg.png]
[www.cathay-ins.com.tw/cathayins/-/media/situationbg2x.png]
[www.cathay-ins.com.tw/cathayins/-/media/car-s-11ed2.png]
[www.cathay-ins.com.tw/cathayins/-/media/car-s-1-sma6ae.png]
[www.cathay-ins.com.tw/cathayins/-/media/car-s-3ab7c.png]
[www.cathay-ins.com.tw/cathayins/-/media/car-s-3-sm5d2a.png]
[www.cathay-ins.com.tw/cathayins/-/media/car-s-21cb9.png]
[www.cathay-ins.com.tw/cathayins/-/media/car-s-2-sm7fcc.png]
[www.cathay-ins.com.tw/cathayins/-/media/chart.png]
[www.cathay-ins.com.tw/cathayins/-/media/chart2x.png]
[www.cathay-ins.com.tw/cathayins/-/media/chart-sm.png]
[www.cathay-ins.com.tw/cathayins/-/media/chartsm2x.png]
[www.cathay-ins.com.tw/cathayins/-/media/personal_car_1a8c2.pdf]
[www.cathay-ins.com.tw/cathayins/-/media/car-p-1.png]
[www.cathay-ins.com.tw/cathayins/-/media/pay-step-1.png]
[www.cathay-ins.com.tw/cathayins/-/media/paystep12x.png]
[www.cathay-ins.com.tw/cathayins/-/media/pay-step-2.png]
[www.cathay-ins.com.tw/cathayins/-/media/paystep22x.png]
[www.cathay-ins.com.tw/cathayins/-/media/pay-step-3.png]
[www.cathay-ins.com.tw/cathayins/-/media/paystep32x.png]
[www.cathay-ins.com.tw/cathayins/-/media/pay-step-4.png]
[www.cathay-ins.com.tw/cathayins/-/media/paystep42x.png]
[www.cathay-ins.com.tw/cathayins/-/media/car-feature.png]
[www.cathay-ins.com.tw/cathayins/-/media/carfeature2x.png]
[www.cathay-ins.com.tw/CXIDocs/PF/image/common/empty-section-bg.png]
[www.cathay-ins.com.tw/CXIDocs/PF/image/common/life-service.png]
[www.cathay-ins.com.tw/CXIDocs/PF/image/common/main-line.png]
[www.cathay-ins.com.tw/cathayins/-/media/travel20191218_560x371.jpg]
[www.cathay-ins.com.tw/cathayins/-/media/car20191218_280x186.jpg]
[www.cathay-ins.com.tw/cathayins/-/media/car20191218_560x371.jpg]
[www.cathay-ins.com.tw/cathayins/-/media/pet20191218_280x186.jpg]
[www.cathay-ins.com.tw/cathayins/-/media/pet20191218_560x371.jpg]
[www.cathay-ins.com.tw/cathayins/-/media/ins-relaxe573.png]
[www.cathay-ins.com.tw/cathayins/-/media/wave2x.png]
[www.cathay-ins.com.tw/cathayins/personal/car/index.html]
[www.cathay-ins.com.tw/cathayins/-/media/scooter1.png]
[www.cathay-ins.com.tw/cathayins/-/media/scooter21x.png]
[www.cathay-ins.com.tw/cathayins/-/media/p_scooter-s-1bb56.png]
[www.cathay-ins.com.tw/cathayins/-/media/pscooters12xa667.png]
[www.cathay-ins.com.tw/cathayins/-/media/p_scooter-s-2b62e.png]
[www.cathay-ins.com.tw/cathayins/-/media/pscooters22x987c.png]
[www.cathay-ins.com.tw/cathayins/-/media/p_scooter-s-31bdd.png]
[www.cathay-ins.com.tw/cathayins/-/media/pscooters32x0689.png]
[www.cathay-ins.com.tw/cathayins/-/media/category2x.png]
[www.cathay-ins.com.tw/cathayins/-/media/category.png]
[www.cathay-ins.com.tw/cathayins/-/media/categorysmall2x.png]
[www.cathay-ins.com.tw/cathayins/-/media/category-small.png]
[www.cathay-ins.com.tw/cathayins/-/media/scooterp12x1557.png]
[www.cathay-ins.com.tw/cathayins/-/media/scooterp22x3efb.png]
[www.cathay-ins.com.tw/cathayins/-/media/scooterp32x57a5.png]
[www.cathay-ins.com.tw/cathayins/-/media/scooter-2.png]
[www.cathay-ins.com.tw/cathayins/-/media/scooter22x.png]
[www.cathay-ins.com.tw/cathayins/personal/motorcycle/index.html]
[www.cathay-ins.com.tw/cathayins/-/media/travel.gif]
[www.cathay-ins.com.tw/cathayins/-/media/travel2x.png]
[www.cathay-ins.com.tw/cathayins/-/media/p_travel-s-1dbdf.png]
[www.cathay-ins.com.tw/cathayins/-/media/ptravels12x51ae.png]
[www.cathay-ins.com.tw/cathayins/-/media/p_travel-s-2dcef.png]
[www.cathay-ins.com.tw/cathayins/-/media/ptravels22x8877.png]
[www.cathay-ins.com.tw/cathayins/-/media/p_travel-s-3e5c9.png]
[www.cathay-ins.com.tw/cathayins/-/media/ptravels32xe494.png]
[www.cathay-ins.com.tw/cathayins/-/media/travel_categorytable21x.jpg]
[www.cathay-ins.com.tw/cathayins/-/media/travel_categorytable21xs.jpg]
[www.cathay-ins.com.tw/cathayins/-/media/travel_categorytablesmall21xs.jpg]
[www.cathay-ins.com.tw/cathayins/-/media/travel__categorytablesmall21x.jpg]
[www.cathay-ins.com.tw/cathayins/-/media/travel-p-12xce62.png]
[www.cathay-ins.com.tw/cathayins/-/media/personal_travel_1f80f.pdf]
[www.cathay-ins.com.tw/cathayins/-/media/travel-p-22xe555.png]
[www.cathay-ins.com.tw/cathayins/-/media/cathay-ins_travel_108052033b2.pdf]
[www.cathay-ins.com.tw/cathayins/-/media/travel-p-32xf711.png]
[www.cathay-ins.com.tw/cathayins/-/media/travelsmallp42x.png]
[www.cathay-ins.com.tw/cathayins/-/media/travel-2.png]
[www.cathay-ins.com.tw/cathayins/-/media/travel22x.png]
[www.cathay-ins.com.tw/CXIDocs/PF/image/common/empty-section-bg@2x.png]
[www.cathay-ins.com.tw/CXIDocs/PF/image/common/life-service@2x.png]
[www.cathay-ins.com.tw/CXIDocs/PF/image/common/main-line@2x.png]
[www.cathay-ins.com.tw/cathayins/personal/travel/index.html]
[www.cathay-ins.com.tw/cathayins/-/media/pet.png]
[www.cathay-ins.com.tw/cathayins/-/media/pet2x.png]
[www.cathay-ins.com.tw/cathayins/-/media/pet-2.png]
[www.cathay-ins.com.tw/cathayins/-/media/pet22x.png]
[www.cathay-ins.com.tw/cathayins/-/media/comparePC.png]
[www.cathay-ins.com.tw/cathayins/-/media/PChigh.png]
[www.cathay-ins.com.tw/cathayins/-/media/compareMB.png]
[www.cathay-ins.com.tw/cathayins/-/media/MBhigh.png]
[www.cathay-ins.com.tw/cathayins/-/media/petp12x.jpg]
[www.cathay-ins.com.tw/cathayins/-/media/basic4949.pdf]
[www.cathay-ins.com.tw/cathayins/-/media/p_pet-s-2de55.png]
[www.cathay-ins.com.tw/cathayins/-/media/ppets22xf32f.png]
[www.cathay-ins.com.tw/cathayins/-/media/p_pet-s-17074.png]
[www.cathay-ins.com.tw/cathayins/-/media/ppets12xd1eb.png]
[www.cathay-ins.com.tw/cathayins/-/media/p_pet-s-34248.png]
[www.cathay-ins.com.tw/cathayins/-/media/ppets32x603d.png]
[www.cathay-ins.com.tw/cathayins/personal/pet/index.html]
[www.cathay-ins.com.tw/cathayins/-/media/home1x.png]
[www.cathay-ins.com.tw/cathayins/-/media/home-2.png]
[www.cathay-ins.com.tw/cathayins/-/media/home22x.png]
[www.cathay-ins.com.tw/cathayins/-/media/homep12x.png]
[www.cathay-ins.com.tw/cathayins/-/media/homesmallp22x.png]
[www.cathay-ins.com.tw/cathayins/-/media/homesmallp32x6ed2.png]
[www.cathay-ins.com.tw/cathayins/-/media/homesmallp42xc1b1.png]
[www.cathay-ins.com.tw/cathayins/-/media/homesmallp52x7abf.png]
[www.cathay-ins.com.tw/cathayins/-/media/p_home-s-1826f.png]
[www.cathay-ins.com.tw/cathayins/-/media/phomes12xeeac.png]
[www.cathay-ins.com.tw/cathayins/-/media/p_home-s-28ede.png]
[www.cathay-ins.com.tw/cathayins/-/media/phomes22x1753.png]
[www.cathay-ins.com.tw/cathayins/-/media/p_home-s-34683.png]
[www.cathay-ins.com.tw/cathayins/-/media/phomes32x7138.png]
[www.cathay-ins.com.tw/cathayins/personal/house/index.html]
[www.cathay-ins.com.tw/cathayins/-/media/card1.jpg]
[www.cathay-ins.com.tw/cathayins/-/media/card1-sm.png]
[www.cathay-ins.com.tw/cathayins/-/media/card2-2.jpg]
[www.cathay-ins.com.tw/cathayins/-/media/card2-sm.png]
[www.cathay-ins.com.tw/cathayins/-/media/card3-2.jpg]
[www.cathay-ins.com.tw/cathayins/-/media/card3-sm.png]
[www.cathay-ins.com.tw/cathayins/-/media/card4-2.jpg]
[www.cathay-ins.com.tw/cathayins/-/media/card4-sm.png]
[www.cathay-ins.com.tw/cathayins/-/media/card5.jpg]
[www.cathay-ins.com.tw/cathayins/-/media/card5-sm.png]
[www.cathay-ins.com.tw/cathayins/-/media/card6-2.jpg]
[www.cathay-ins.com.tw/cathayins/-/media/card6-sm.png]
[www.cathay-ins.com.tw/cathayins/-/media/card7.jpg]
[www.cathay-ins.com.tw/cathayins/-/media/card7-sm.png]
[www.cathay-ins.com.tw/cathayins/-/media/card8C.jpg]
[www.cathay-ins.com.tw/cathayins/-/media/card8-sm.jpg]
[www.cathay-ins.com.tw/cathayins/-/media/empty-section-bg2x5575.png]
[www.cathay-ins.com.tw/cathayins/-/media/main-line2378.png]
[www.cathay-ins.com.tw/cathayins/personal/online/index.html]
[www.cathay-ins.com.tw/cathayins/-/media/banner-01.png]
[www.cathay-ins.com.tw/cathayins/-/media/banner012x.png]
[www.cathay-ins.com.tw/cathayins/-/media/banner-01-sm.png]
[www.cathay-ins.com.tw/cathayins/-/media/banner01sm2x.png]
[www.cathay-ins.com.tw/cathayins/-/media/1180x256.jpg]
[www.cathay-ins.com.tw/cathayins/-/media/336x124.jpg]
[www.cathay-ins.com.tw/cathayins/-/media/activity-scooter.png]
[www.cathay-ins.com.tw/cathayins/-/media/activityscooter2x.png]
[www.cathay-ins.com.tw/cathayins/-/media/activity-scooter-sm.png]
[www.cathay-ins.com.tw/cathayins/-/media/activityscootersm2x.png]
[www.cathay-ins.com.tw/cathayins/-/media/activity-car.png]
[www.cathay-ins.com.tw/cathayins/-/media/activitycar2x.png]
[www.cathay-ins.com.tw/cathayins/-/media/activity-car-sm.png]
[www.cathay-ins.com.tw/cathayins/-/media/activitycarsm2x.png]
[www.cathay-ins.com.tw/CathayCINS/Web/js/custom/event_filter30f4.js]
[www.cathay-ins.com.tw/CathayCINS/Web/js/custom/event_award30f4.js]
[www.cathay-ins.com.tw/cathayins/personal/events/hot/index.html]
[www.cathay-ins.com.tw/cathayins/-/media/580x384.jpg]
[www.cathay-ins.com.tw/cathayins/-/media/1160x768.png]
[www.cathay-ins.com.tw/cathayins/-/media/travel20191218_580x384.jpg]
[www.cathay-ins.com.tw/cathayins/-/media/travel20191218_1160x768.jpg]
[www.cathay-ins.com.tw/cathayins/-/media/fire20191218_580x384.jpg]
[www.cathay-ins.com.tw/cathayins/-/media/fire20191218_1160x768.jpg]
[www.cathay-ins.com.tw/cathayins/-/media/pet20191218_580x384.jpg]
[www.cathay-ins.com.tw/cathayins/-/media/pet20191218_1160x768.jpg]
[www.cathay-ins.com.tw/cathayins/-/media/carv20191218_580x384.jpg]
[www.cathay-ins.com.tw/cathayins/-/media/carv20191218_336x222.jpg]
[www.cathay-ins.com.tw/cathayins/-/media/carb20191218_580x384.jpg]
[www.cathay-ins.com.tw/cathayins/-/media/carb20191218_336x222.jpg]
[www.cathay-ins.com.tw/cathayins/personal/events/list/index.html]
[www.cathay-ins.com.tw/cathayins/-/media/car-ins-cardf9e8.png]
[www.cathay-ins.com.tw/cathayins/-/media/2019Q3_280x1128724.png]
[www.cathay-ins.com.tw/cathayins/-/media/2019Q4_280x112bcb3.jpg]
[www.cathay-ins.com.tw/cathayins/-/media/2019Q2_280x1123d94.jpg]
[www.cathay-ins.com.tw/cathayins/personal/events/past/index.html]
[www.cathay-ins.com.tw/CXIDocs/PF/image/company/PFB5_0100/banner.png]
[www.cathay-ins.com.tw/CXIDocs/PF/image/company/PFB5_0100/banner@2x.png]
[www.cathay-ins.com.tw/CXIDocs/PF/image/company/PFB5_0100/logo.png]
[www.cathay-ins.com.tw/CXIDocs/PF/image/company/PFB5_0100/logo@2x.png]
[www.cathay-ins.com.tw/CXIDocs/PF/image/index/u-need-bg.png]
[www.cathay-ins.com.tw/CXIDocs/PF/image/company/PFB5_0100/join-cathy.png]
[www.cathay-ins.com.tw/CXIDocs/PF/image/company/PFB5_0100/join-cathy@2x.png]
[www.cathay-ins.com.tw/CXIDocs/PF/image/claim/bg-document.png]
[www.cathay-ins.com.tw/CXIDocs/PF/image/claim/bg-document@2x.png]
[www.cathay-ins.com.tw/cathayins/company/profile/index.html]
[www.cathay-ins.com.tw/CXIDocs/PF/image/company/PFB5_0200/about-cathy-01.png]
[www.cathay-ins.com.tw/CXIDocs/PF/image/company/PFB5_0200/about-cathy-01@2x.png]
[www.cathay-ins.com.tw/cathayins/company/honors/index.html]
[www.cathay-ins.com.tw/cathayins/company/sustainable/happiness/1/index.html]
[www.cathay-ins.com.tw/CXIDocs/PF/image/group/PFA1_0210/persona-driver@2x.png]
[www.cathay-ins.com.tw/cathayins/-/media/Card1-sm.jpg]
[www.cathay-ins.com.tw/cathayins/-/media/Card2-3.jpg]
[www.cathay-ins.com.tw/cathayins/-/media/Card2-sm-2.jpg]
[www.cathay-ins.com.tw/cathayins/-/media/Card3-3.jpg]
[www.cathay-ins.com.tw/cathayins/-/media/Card3-sm-2.jpg]
[www.cathay-ins.com.tw/cathayins/personal/group/shuttle/index.html]
[www.cathay-ins.com.tw/CXIDocs/PF/image/group/PFA1_0220/persona-oldman@2x.png]
[www.cathay-ins.com.tw/cathayins/-/media/Card1-2.jpg]
[www.cathay-ins.com.tw/cathayins/-/media/Card1-sm-2.jpg]
[www.cathay-ins.com.tw/cathayins/-/media/Card3-4.jpg]
[www.cathay-ins.com.tw/cathayins/-/media/Card3-sm-3.jpg]
[www.cathay-ins.com.tw/cathayins/-/media/Card3-5.jpg]
[www.cathay-ins.com.tw/cathayins/-/media/Card3-sm-4.jpg]
[www.cathay-ins.com.tw/cathayins/personal/group/elder/index.html]
[www.cathay-ins.com.tw/CXIDocs/PF/image/group/PFA1_0230/persona-doctor@2x.png]
[www.cathay-ins.com.tw/cathayins/-/media/Card1-3.jpg]
[www.cathay-ins.com.tw/cathayins/-/media/Card1-sm-3.jpg]
[www.cathay-ins.com.tw/cathayins/-/media/Card2-4.jpg]
[www.cathay-ins.com.tw/cathayins/-/media/Card2-sm-3.jpg]
[www.cathay-ins.com.tw/cathayins/personal/group/expertise/index.html]
[www.cathay-ins.com.tw/CXIDocs/PF/image/group/PFA1_0240/persona-rent@2x.png]
[www.cathay-ins.com.tw/cathayins/-/media/Card1-4.jpg]
[www.cathay-ins.com.tw/cathayins/-/media/Card1-sm-4.jpg]
[www.cathay-ins.com.tw/cathayins/-/media/Card2-5.jpg]
[www.cathay-ins.com.tw/cathayins/-/media/Card2-sm-4.jpg]
[www.cathay-ins.com.tw/cathayins/personal/group/tenant/index.html]
[www.cathay-ins.com.tw/CXIDocs/PF/image/group/PFA1_0250/persona-outdoor@2x.png]
[www.cathay-ins.com.tw/cathayins/-/media/Card1-5.jpg]
[www.cathay-ins.com.tw/cathayins/-/media/Card1-sm-5.jpg]
[www.cathay-ins.com.tw/cathayins/-/media/Card2-6.jpg]
[www.cathay-ins.com.tw/cathayins/-/media/Card2-sm-5.jpg]
[www.cathay-ins.com.tw/cathayins/-/media/Card3-6.jpg]
[www.cathay-ins.com.tw/cathayins/-/media/Card3-sm-5.jpg]
[www.cathay-ins.com.tw/cathayins/-/media/Card4-3.jpg]
[www.cathay-ins.com.tw/cathayins/-/media/Card4-sm-2.jpg]
[www.cathay-ins.com.tw/cathayins/-/media/Card5-2.jpg]
[www.cathay-ins.com.tw/cathayins/-/media/Card5-sm.jpg]
[www.cathay-ins.com.tw/cathayins/-/media/Screen_P4_2x.png]
[www.cathay-ins.com.tw/cathayins/-/media/Screen_small_P4_2x.png]
[www.cathay-ins.com.tw/cathayins/personal/group/player/index.html]
[www.cathay-ins.com.tw/CXIDocs/PF/image/group/PFA1_0260/persona-lover@2x.png]
[www.cathay-ins.com.tw/cathayins/-/media/Card1-6.jpg]
[www.cathay-ins.com.tw/cathayins/-/media/Card1-sm-6.jpg]
[www.cathay-ins.com.tw/cathayins/-/media/Card2-7.jpg]
[www.cathay-ins.com.tw/cathayins/-/media/Card2-sm-6.jpg]
[www.cathay-ins.com.tw/cathayins/-/media/Card3-7.jpg]
[www.cathay-ins.com.tw/cathayins/-/media/Card3-sm-6.jpg]
[www.cathay-ins.com.tw/cathayins/personal/group/couple/index.html]
[www.cathay-ins.com.tw/CathayCINS/Web/img/commercial-ins/category-1.png]
[www.cathay-ins.com.tw/CathayCINS/Web/img/commercial-ins/category-2.png]
[www.cathay-ins.com.tw/CathayCINS/Web/img/commercial-ins/category-3.png]
[www.cathay-ins.com.tw/CathayCINS/Web/img/commercial-ins/category-4.png]
[www.cathay-ins.com.tw/CathayCINS/Web/img/commercial-ins/category-5.png]
[www.cathay-ins.com.tw/CathayCINS/Web/img/commercial-ins/category-6.png]
[www.cathay-ins.com.tw/CathayCINS/Web/img/header/insurance-service-4.png]
[www.cathay-ins.com.tw/CathayCINS/Web/img/header/insurance-service-5.png]
[www.cathay-ins.com.tw/cathayins/-/media/hero2xee97.png]
[www.cathay-ins.com.tw/cathayins/-/media/hero.png]
[www.cathay-ins.com.tw/cathayins/-/media/Card2-8.jpg]
[www.cathay-ins.com.tw/cathayins/-/media/Card2-sm-7.jpg]
[www.cathay-ins.com.tw/cathayins/-/media/Card3-8.jpg]
[www.cathay-ins.com.tw/cathayins/-/media/Card3-sm-7.jpg]
[www.cathay-ins.com.tw/cathayins/-/media/Card4-4.jpg]
[www.cathay-ins.com.tw/cathayins/-/media/Card4-sm-3.jpg]
[www.cathay-ins.com.tw/cathayins/-/media/Card6-3.jpg]
[www.cathay-ins.com.tw/cathayins/-/media/Card6-sm-2.jpg]
[www.cathay-ins.com.tw/cathayins/-/media/main-line-2x3aeb.png]
[www.cathay-ins.com.tw/cathayins/commercial/index.html]
[www.cathay-ins.com.tw/cathayins/-/media/screen.png]
[www.cathay-ins.com.tw/cathayins/-/media/screen2x.png]
[www.cathay-ins.com.tw/cathayins/-/media/screen-2.png]
[www.cathay-ins.com.tw/cathayins/-/media/screen22x.png]
[www.cathay-ins.com.tw/cathayins/-/media/screenp12x7f8a.png]
[www.cathay-ins.com.tw/cathayins/-/media/screenp22xada0.png]
[www.cathay-ins.com.tw/cathayins/-/media/screenp32xeb5e.png]
[www.cathay-ins.com.tw/cathayins/-/media/Screen_P4_1x.png]
[www.cathay-ins.com.tw/cathayins/-/media/6-030_cathay-ins_othereb92.pdf]
[www.cathay-ins.com.tw/cathayins/-/media/p_screen-s-19949.png]
[www.cathay-ins.com.tw/cathayins/-/media/pscreens12xbc1c.png]
[www.cathay-ins.com.tw/cathayins/-/media/p_screen-s-2319b.png]
[www.cathay-ins.com.tw/cathayins/-/media/pscreens22x9f0b.png]
[www.cathay-ins.com.tw/cathayins/-/media/p_screen-s-33bc4.png]
[www.cathay-ins.com.tw/cathayins/-/media/pscreens32x5b9c.png]
[www.cathay-ins.com.tw/cathayins/personal/mobile/index.html]
[www.cathay-ins.com.tw/cathayins/-/media/event.png]
[www.cathay-ins.com.tw/cathayins/-/media/event2x.png]
[www.cathay-ins.com.tw/cathayins/-/media/event_2.png]
[www.cathay-ins.com.tw/cathayins/-/media/event22x.png]
[www.cathay-ins.com.tw/cathayins/-/media/eventp12x.png]
[www.cathay-ins.com.tw/cathayins/-/media/eventp22xdbd4.png]
[www.cathay-ins.com.tw/cathayins/-/media/cathay-ins_activity-insuranceccaa.pdf]
[www.cathay-ins.com.tw/cathayins/-/media/eventp32xe8b9.png]
[www.cathay-ins.com.tw/cathayins/-/media/cathay-ins_travel risk5dc9.pdf]
[www.cathay-ins.com.tw/cathayins/-/media/eventp42x5348.png]
[www.cathay-ins.com.tw/cathayins/-/media/event-s-15e70.png]
[www.cathay-ins.com.tw/cathayins/-/media/events12x3874.png]
[www.cathay-ins.com.tw/cathayins/-/media/event-s-2efd2.png]
[www.cathay-ins.com.tw/cathayins/-/media/events22x979f.png]
[www.cathay-ins.com.tw/cathayins/-/media/event-s-3dbc4.png]
[www.cathay-ins.com.tw/cathayins/-/media/events32x5858.png]
[www.cathay-ins.com.tw/cathayins/personal/activities/index.html]
[www.cathay-ins.com.tw/CXIDocs/PF/image/accident/PFA1_0310/group-hike@2x.png]
[www.cathay-ins.com.tw/cathayins/-/media/Card1-7.jpg]
[www.cathay-ins.com.tw/cathayins/-/media/Card1-sm-7.jpg]
[www.cathay-ins.com.tw/cathayins/-/media/Card2-9.jpg]
[www.cathay-ins.com.tw/cathayins/-/media/Card2-sm-8.jpg]
[www.cathay-ins.com.tw/cathayins/-/media/Card3-9.jpg]
[www.cathay-ins.com.tw/cathayins/-/media/Card3-sm-8.jpg]
[www.cathay-ins.com.tw/cathayins/personal/popular/camping/index.html]
[www.cathay-ins.com.tw/CXIDocs/PF/image/accident/PFA1_0320/group-pet@2x.png]
[www.cathay-ins.com.tw/cathayins/-/media/Card1-8.jpg]
[www.cathay-ins.com.tw/cathayins/-/media/Card1-sm-8.jpg]
[www.cathay-ins.com.tw/cathayins/-/media/Card2-10.jpg]
[www.cathay-ins.com.tw/cathayins/-/media/Card2-sm-9.jpg]
[www.cathay-ins.com.tw/cathayins/-/media/Card3-10.jpg]
[www.cathay-ins.com.tw/cathayins/-/media/Card3-sm-9.jpg]
[www.cathay-ins.com.tw/cathayins/-/media/Card4-5.jpg]
[www.cathay-ins.com.tw/cathayins/-/media/Card4-sm-4.jpg]
[www.cathay-ins.com.tw/cathayins/-/media/Card5-3.jpg]
[www.cathay-ins.com.tw/cathayins/-/media/Card5-sm-2.jpg]
[www.cathay-ins.com.tw/cathayins/personal/popular/family/index.html]
[www.cathay-ins.com.tw/CXIDocs/PF/image/accident/PFA1_0330/group-farmer@2x.png]
[www.cathay-ins.com.tw/cathayins/-/media/Card1-9.jpg]
[www.cathay-ins.com.tw/cathayins/-/media/Card1-sm-9.jpg]
[www.cathay-ins.com.tw/cathayins/-/media/Card2-11.jpg]
[www.cathay-ins.com.tw/cathayins/-/media/Card2-sm-10.jpg]
[www.cathay-ins.com.tw/cathayins/-/media/Card3-11.jpg]
[www.cathay-ins.com.tw/cathayins/-/media/Card3-sm-10.jpg]
[www.cathay-ins.com.tw/cathayins/-/media/Card4-6.jpg]
[www.cathay-ins.com.tw/cathayins/-/media/Card4-sm-5.jpg]
[www.cathay-ins.com.tw/cathayins/-/media/Card5-4.jpg]
[www.cathay-ins.com.tw/cathayins/-/media/Card5-sm-3.jpg]
[www.cathay-ins.com.tw/cathayins/personal/popular/shop/index.html]
[www.cathay-ins.com.tw/CXIDocs/PF/image/accident/PFA1_0340/group-medicine@2x.png]
[www.cathay-ins.com.tw/cathayins/-/media/Card1-10.jpg]
[www.cathay-ins.com.tw/cathayins/-/media/Card1-sm-10.jpg]
[www.cathay-ins.com.tw/cathayins/-/media/Card2-12.jpg]
[www.cathay-ins.com.tw/cathayins/-/media/Card2-sm-11.jpg]
[www.cathay-ins.com.tw/cathayins/-/media/Card3-12.jpg]
[www.cathay-ins.com.tw/cathayins/-/media/Card3-sm-11.jpg]
[www.cathay-ins.com.tw/cathayins/-/media/Card4-7.jpg]
[www.cathay-ins.com.tw/cathayins/-/media/Card4-sm-6.jpg]
[www.cathay-ins.com.tw/cathayins/-/media/Card5-5.jpg]
[www.cathay-ins.com.tw/cathayins/-/media/Card5-sm-4.jpg]
[www.cathay-ins.com.tw/cathayins/-/media/card62x.png]
[www.cathay-ins.com.tw/cathayins/-/media/card-6.png]
[www.cathay-ins.com.tw/cathayins/personal/popular/work/index.html]
[www.cathay-ins.com.tw/CXIDocs/PF/image/accident/PFA1_0350/group-cancer@2x.png]
[www.cathay-ins.com.tw/cathayins/-/media/card2-sm-2.png]
[www.cathay-ins.com.tw/cathayins/-/media/card2.png]
[www.cathay-ins.com.tw/cathayins/-/media/Card1-11.jpg]
[www.cathay-ins.com.tw/cathayins/-/media/Card1-sm-11.jpg]
[www.cathay-ins.com.tw/cathayins/personal/popular/health/index.html]
[www.cathay-ins.com.tw/CXIDocs/PF/image/accident/PFA1_0360/group-wedding@2x.png]
[www.cathay-ins.com.tw/cathayins/-/media/Card1-12.jpg]
[www.cathay-ins.com.tw/cathayins/-/media/Card1-sm-12.jpg]
[www.cathay-ins.com.tw/cathayins/-/media/Card2-13.jpg]
[www.cathay-ins.com.tw/cathayins/-/media/Card2-sm-12.jpg]
[www.cathay-ins.com.tw/cathayins/-/media/Card3-13.jpg]
[www.cathay-ins.com.tw/cathayins/-/media/Card3-sm-12.jpg]
[www.cathay-ins.com.tw/cathayins/-/media/Card4-8.jpg]
[www.cathay-ins.com.tw/cathayins/-/media/Card4-sm-7.jpg]
[www.cathay-ins.com.tw/cathayins/-/media/Card5-6.jpg]
[www.cathay-ins.com.tw/cathayins/-/media/Card5-sm-5.jpg]
[www.cathay-ins.com.tw/cathayins/personal/popular/life/index.html]
[www.cathay-ins.com.tw/CXIDocs/PF/image/offer/PFB0_0200/google-play-badge.png]
[www.cathay-ins.com.tw/CXIDocs/PF/image/offer/PFB0_0200/google-play-badge@2x.png]
[www.cathay-ins.com.tw/CXIDocs/PF/image/offer/PFB0_0200/download-on-the-app-store-badge-cntc-rgb-blk-100217.png]
[www.cathay-ins.com.tw/CXIDocs/PF/image/offer/PFB0_0200/download-on-the-app-store-badge-cntc-rgb-blk-100217@2x.png]
[www.cathay-ins.com.tw/CXIDocs/PF/image/offer/PFB0_0200/travel-download-app.png]
[www.cathay-ins.com.tw/CXIDocs/PF/image/offer/PFB0_0200/travel-download-app@2x.png]
[www.cathay-ins.com.tw/CXIDocs/PF/image/offer/PFB0_0200/feature.png]
[www.cathay-ins.com.tw/CXIDocs/PF/image/offer/PFB0_0200/feature@2x.png]
[www.cathay-ins.com.tw/CXIDocs/PF/image/offer/PFB0_0200/procress-01.png]
[www.cathay-ins.com.tw/CXIDocs/PF/image/offer/PFB0_0200/procress-01@2x.png]
[www.cathay-ins.com.tw/CXIDocs/PF/image/offer/PFB0_0200/procress-02.png]
[www.cathay-ins.com.tw/CXIDocs/PF/image/offer/PFB0_0200/procress-02@2x.png]
[www.cathay-ins.com.tw/CXIDocs/PF/image/offer/PFB0_0200/procress-03.png]
[www.cathay-ins.com.tw/CXIDocs/PF/image/offer/PFB0_0200/procress-03@2x.png]
[www.cathay-ins.com.tw/CXIDocs/PF/image/offer/PFB0_0200/app-download.png]
[www.cathay-ins.com.tw/CXIDocs/PF/image/offer/PFB0_0200/app-download@2x.png]
[www.cathay-ins.com.tw/CXIDocs/PF/image/offer/PFB0_0200/app-icon.png]
[www.cathay-ins.com.tw/CXIDocs/PF/image/offer/PFB0_0200/app-icon@2x.png]
[www.cathay-ins.com.tw/cathayins/personal/app/index.html]
[www.cathay-ins.com.tw/cathayins/-/media/Banner1440 x 312.jpg]
[www.cathay-ins.com.tw/cathayins/-/media/Banner375X248.jpg]
[www.cathay-ins.com.tw/cathayins/-/media/Banner750x496.jpg]
[www.cathay-ins.com.tw/cathayins/-/media/Travel.jpg]
[www.cathay-ins.com.tw/cathayins/-/media/336x228 Pass.png]
[www.cathay-ins.com.tw/cathayins/-/media/Iphone11.jpg]
[www.cathay-ins.com.tw/cathayins/-/media/336x228 Iphone.png]
[www.cathay-ins.com.tw/cathayins/-/media/AirPods.jpg]
[www.cathay-ins.com.tw/cathayins/-/media/AirPods336x228.png]
[www.cathay-ins.com.tw/cathayins/-/media/Bag.jpg]
[www.cathay-ins.com.tw/cathayins/-/media/336x228 Bag.png]
[www.cathay-ins.com.tw/cathayins/-/media/Cook.jpg]
[www.cathay-ins.com.tw/cathayins/-/media/336x228 Cookie.png]
[www.cathay-ins.com.tw/cathayins/-/media/Trunk.jpg]
[www.cathay-ins.com.tw/cathayins/-/media/336x228 Trunk.png]
[www.cathay-ins.com.tw/cathayins/personal/events/list/all/202001q1/index.html]
[www.cathay-ins.com.tw/cathayins/-/media/COVID_19_QA9bec.pdf]
[www.cathay-ins.com.tw/cathayins/news/press_200202/index.html]
[www.cathay-ins.com.tw/cathayins/-/media/news2686f.JPG]
[www.cathay-ins.com.tw/cathayins/news/coronavirus/index.html]
[www.cathay-ins.com.tw/cathayins/-/media/SROI3943.PNG]
[www.cathay-ins.com.tw/cathayins/news/cathay-insurance-get-award-from-sroi/index.html]
[www.cathay-ins.com.tw/cathayins/news/license_tax/index.html]
[www.cathay-ins.com.tw/cathayins/news/index.html]
[www.cathay-ins.com.tw/cathayins/company/sustainable/index.html]
[www.cathay-ins.com.tw/cathayins/-/media/bike.png]
[www.cathay-ins.com.tw/cathayins/-/media/bike2x.png]
[www.cathay-ins.com.tw/cathayins/-/media/bike-2.png]
[www.cathay-ins.com.tw/cathayins/-/media/bike22x.png]
[www.cathay-ins.com.tw/cathayins/-/media/bitmap2x.png]
[www.cathay-ins.com.tw/cathayins/-/media/bikep22x.png]
[www.cathay-ins.com.tw/cathayins/-/media/p_bike-s-1f51c.png]
[www.cathay-ins.com.tw/cathayins/-/media/pbikes12xc6d0.png]
[www.cathay-ins.com.tw/cathayins/-/media/p_bike-s-299a3.png]
[www.cathay-ins.com.tw/cathayins/-/media/pbikes22x560e.png]
[www.cathay-ins.com.tw/cathayins/-/media/p_bike-s-3ca7c.png]
[www.cathay-ins.com.tw/cathayins/-/media/pbikes32x9f53.png]
[www.cathay-ins.com.tw/cathayins/personal/others/bicycle/index.html]
[www.cathay-ins.com.tw/cathayins/-/media/hike.png]
[www.cathay-ins.com.tw/cathayins/-/media/hike2x.png]
[www.cathay-ins.com.tw/cathayins/-/media/hike-2.png]
[www.cathay-ins.com.tw/cathayins/-/media/hike22x.png]
[www.cathay-ins.com.tw/cathayins/-/media/hikep12x.png]
[www.cathay-ins.com.tw/cathayins/-/media/hikep22x.png]
[www.cathay-ins.com.tw/cathayins/-/media/p_hike-s-17e70.png]
[www.cathay-ins.com.tw/cathayins/-/media/phikes12x70c7.png]
[www.cathay-ins.com.tw/cathayins/-/media/p_hike-s-23dc5.png]
[www.cathay-ins.com.tw/cathayins/-/media/phikes22x03c2.png]
[www.cathay-ins.com.tw/cathayins/-/media/p_hike-s-3d1ad.png]
[www.cathay-ins.com.tw/cathayins/-/media/phikes32x58af.png]
[www.cathay-ins.com.tw/cathayins/personal/others/climb/index.html]
[www.cathay-ins.com.tw/cathayins/-/media/tour.png]
[www.cathay-ins.com.tw/cathayins/-/media/tour2x.png]
[www.cathay-ins.com.tw/cathayins/-/media/tour-2.png]
[www.cathay-ins.com.tw/cathayins/-/media/tour22x.png]
[www.cathay-ins.com.tw/cathayins/-/media/tourp12x.png]
[www.cathay-ins.com.tw/cathayins/-/media/tourp22x.png]
[www.cathay-ins.com.tw/cathayins/-/media/p_tour-s-1dbf9.png]
[www.cathay-ins.com.tw/cathayins/-/media/ptours12xeffc.png]
[www.cathay-ins.com.tw/cathayins/-/media/p_tour-s-29b12.png]
[www.cathay-ins.com.tw/cathayins/-/media/ptours22x18de.png]
[www.cathay-ins.com.tw/cathayins/-/media/p_tour-s-3f3cc.png]
[www.cathay-ins.com.tw/cathayins/-/media/ptours32xa264.png]
[www.cathay-ins.com.tw/cathayins/personal/others/trip/index.html]
[www.cathay-ins.com.tw/cathayins/-/media/accident.png]
[www.cathay-ins.com.tw/cathayins/-/media/accident2x.png]
[www.cathay-ins.com.tw/cathayins/-/media/accident-2.png]
[www.cathay-ins.com.tw/cathayins/-/media/accident22x.png]
[www.cathay-ins.com.tw/cathayins/-/media/accidnetp12x.png]
[www.cathay-ins.com.tw/cathayins/-/media/accidnetsmallp22x.png]
[www.cathay-ins.com.tw/cathayins/-/media/accidnetsmallp32x.png]
[www.cathay-ins.com.tw/cathayins/-/media/accidnetp42x1afb.png]
[www.cathay-ins.com.tw/cathayins/-/media/accidnetp52x09d9.png]
[www.cathay-ins.com.tw/cathayins/-/media/accidnetp62x8f2b.png]
[www.cathay-ins.com.tw/cathayins/-/media/p_accidnet-s-18aa8.png]
[www.cathay-ins.com.tw/cathayins/-/media/paccidnets12xf003.png]
[www.cathay-ins.com.tw/cathayins/-/media/p_accidnet-s-2ae82.png]
[www.cathay-ins.com.tw/cathayins/-/media/paccidnets22x53b9.png]
[www.cathay-ins.com.tw/cathayins/-/media/p_accidnet-s-3bd4c.png]
[www.cathay-ins.com.tw/cathayins/-/media/paccidnets32x19b9.png]
[www.cathay-ins.com.tw/cathayins/personal/accident/index.html]
[www.cathay-ins.com.tw/cathayins/-/media/group.png]
[www.cathay-ins.com.tw/cathayins/-/media/group2x.png]
[www.cathay-ins.com.tw/cathayins/-/media/group-2.png]
[www.cathay-ins.com.tw/cathayins/-/media/group22x.png]
[www.cathay-ins.com.tw/cathayins/-/media/p_group-s-14ef9.png]
[www.cathay-ins.com.tw/cathayins/-/media/pgroups12xa0b6.png]
[www.cathay-ins.com.tw/cathayins/-/media/p_group-s-20554.png]
[www.cathay-ins.com.tw/cathayins/-/media/pgroups22x4622.png]
[www.cathay-ins.com.tw/cathayins/-/media/p_group-s-34d48.png]
[www.cathay-ins.com.tw/cathayins/-/media/pgroups32x644a.png]
[www.cathay-ins.com.tw/cathayins/personal/others/persona/index.html]
[www.cathay-ins.com.tw/cathayins/-/media/lowinsur.png]
[www.cathay-ins.com.tw/cathayins/-/media/lowinsur2x.png]
[www.cathay-ins.com.tw/cathayins/-/media/lowinsur-2.png]
[www.cathay-ins.com.tw/cathayins/-/media/lowinsur22x.png]
[www.cathay-ins.com.tw/cathayins/-/media/lowinsurp12x.png]
[www.cathay-ins.com.tw/cathayins/-/media/lowinsurp22x.png]
[www.cathay-ins.com.tw/cathayins/-/media/p_lowinsur-s-1bf7e.png]
[www.cathay-ins.com.tw/cathayins/-/media/plowinsurs12xaeba.png]
[www.cathay-ins.com.tw/cathayins/-/media/p_lowinsur-s-227db.png]
[www.cathay-ins.com.tw/cathayins/-/media/plowinsurs22xaff7.png]
[www.cathay-ins.com.tw/cathayins/-/media/p_lowinsur-s-3b7b7.png]
[www.cathay-ins.com.tw/cathayins/-/media/plowinsurs32xda1d.png]
[www.cathay-ins.com.tw/cathayins/personal/others/lowamount/index.html]
[www.cathay-ins.com.tw/cathayins/-/media/pro.png]
[www.cathay-ins.com.tw/cathayins/-/media/pro2x.png]
[www.cathay-ins.com.tw/cathayins/-/media/pro-2.png]
[www.cathay-ins.com.tw/cathayins/-/media/pro22x.png]
[www.cathay-ins.com.tw/cathayins/-/media/prop12x.png]
[www.cathay-ins.com.tw/cathayins/-/media/7-100_cathay-ins_liability99ac.pdf]
[www.cathay-ins.com.tw/cathayins/-/media/prop22x.png]
[www.cathay-ins.com.tw/cathayins/-/media/7-130_cathay-ins_liability8d20.pdf]
[www.cathay-ins.com.tw/cathayins/-/media/prop32x.png]
[www.cathay-ins.com.tw/cathayins/-/media/7-020_cathay-ins_liabilityf8b0.pdf]
[www.cathay-ins.com.tw/cathayins/-/media/prop42xe763.png]
[www.cathay-ins.com.tw/cathayins/-/media/prop52x1ac9.png]
[www.cathay-ins.com.tw/cathayins/-/media/prop62x6bc0.png]
[www.cathay-ins.com.tw/cathayins/-/media/ppro-s-1a90d.png]
[www.cathay-ins.com.tw/cathayins/-/media/ppros12x383a.png]
[www.cathay-ins.com.tw/cathayins/-/media/p_pro-s-2d261.png]
[www.cathay-ins.com.tw/cathayins/-/media/ppros22x3224.png]
[www.cathay-ins.com.tw/cathayins/-/media/p_pro-s-38fbc.png]
[www.cathay-ins.com.tw/cathayins/-/media/ppros32xf875.png]
[www.cathay-ins.com.tw/cathayins/personal/others/operating/index.html]
[www.cathay-ins.com.tw/cathayins/-/media/hospital.png]
[www.cathay-ins.com.tw/cathayins/-/media/hospital2x.png]
[www.cathay-ins.com.tw/cathayins/-/media/hospital-2.png]
[www.cathay-ins.com.tw/cathayins/-/media/hospital22x.png]
[www.cathay-ins.com.tw/cathayins/-/media/1160X72020.jpg]
[www.cathay-ins.com.tw/cathayins/-/media/hospitalp22x.png]
[www.cathay-ins.com.tw/cathayins/-/media/hospitalp32x.png]
[www.cathay-ins.com.tw/cathayins/-/media/p_hospital-s-18203.png]
[www.cathay-ins.com.tw/cathayins/-/media/phospitals12xa902.png]
[www.cathay-ins.com.tw/cathayins/-/media/p_hospital-s-2a929.png]
[www.cathay-ins.com.tw/cathayins/-/media/phospitals22x1bcd.png]
[www.cathay-ins.com.tw/cathayins/-/media/p_hospital-s-3d3a7.png]
[www.cathay-ins.com.tw/cathayins/-/media/phospitals32xf6e5.png]
[www.cathay-ins.com.tw/cathayins/personal/others/medical/index.html]
[www.cathay-ins.com.tw/cathayins/-/media/wedding.png]
[www.cathay-ins.com.tw/cathayins/-/media/wedding2x.png]
[www.cathay-ins.com.tw/cathayins/-/media/wedding-2.png]
[www.cathay-ins.com.tw/cathayins/-/media/wedding22x.png]
[www.cathay-ins.com.tw/cathayins/-/media/weddingp12xf41a.png]
[www.cathay-ins.com.tw/cathayins/-/media/weddingp22x5900.png]
[www.cathay-ins.com.tw/cathayins/-/media/weddingsmallp32x9e6a.png]
[www.cathay-ins.com.tw/cathayins/-/media/weddingsmallp42x43f5.png]
[www.cathay-ins.com.tw/cathayins/-/media/p_wedding-s-10750.png]
[www.cathay-ins.com.tw/cathayins/-/media/pweddings12x3e31.png]
[www.cathay-ins.com.tw/cathayins/-/media/p_wedding-s-2595e.png]
[www.cathay-ins.com.tw/cathayins/-/media/pweddings22x48b2.png]
[www.cathay-ins.com.tw/cathayins/-/media/p_wedding-s-35ad5.png]
[www.cathay-ins.com.tw/cathayins/-/media/pweddings32xd81a.png]
[www.cathay-ins.com.tw/cathayins/personal/others/wedding/index.html]
[www.cathay-ins.com.tw/cathayins/-/media/farmer.png]
[www.cathay-ins.com.tw/cathayins/-/media/farmer2x.png]
[www.cathay-ins.com.tw/cathayins/-/media/farmer-2.png]
[www.cathay-ins.com.tw/cathayins/-/media/farmer22x.png]
[www.cathay-ins.com.tw/cathayins/-/media/farmp12x.png]
[www.cathay-ins.com.tw/cathayins/-/media/farmsmallp22x.png]
[www.cathay-ins.com.tw/cathayins/-/media/farmsmallp32x.png]
[www.cathay-ins.com.tw/cathayins/-/media/farmsmallp42x.png]
[www.cathay-ins.com.tw/cathayins/-/media/p_farm-s-11e29.png]
[www.cathay-ins.com.tw/cathayins/-/media/pfarms12xbf90.png]
[www.cathay-ins.com.tw/cathayins/-/media/p_farm-s-253a3.png]
[www.cathay-ins.com.tw/cathayins/-/media/pfarms22x0034.png]
[www.cathay-ins.com.tw/cathayins/-/media/p_farm-s-35896.png]
[www.cathay-ins.com.tw/cathayins/-/media/pfarms32xe214.png]
[www.cathay-ins.com.tw/cathayins/personal/farmer/index.html]
[www.cathay-ins.com.tw/CXIDocs/PF/image/sitemap/PFB6_0100/banner.png]
[www.cathay-ins.com.tw/CXIDocs/PF/image/sitemap/PFB6_0100/banner@2x.png]
[www.cathay-ins.com.tw/CXIDocs/PF/image/sitemap/PFB6_0100/banner-sm.png]
[www.cathay-ins.com.tw/CXIDocs/PF/image/sitemap/PFB6_0100/banner-sm@2x.png]
[www.cathay-ins.com.tw/cathayins/sitemap/index.html]
[www.cathay-ins.com.tw/CXIDocs/PF/image/claim/PFA4_0100/process-start@2x.png]
[www.cathay-ins.com.tw/CXIDocs/PF/image/claim/PFA4_0100/process-record@2x.png]
[www.cathay-ins.com.tw/CXIDocs/PF/image/claim/PFA4_0100/process-check@2x.png]
[www.cathay-ins.com.tw/CXIDocs/PF/image/claim/PFA4_0100/process-document@2x.png]
[www.cathay-ins.com.tw/CXIDocs/PF/image/claim/PFA4_0100/process-success@2x.png]
[www.cathay-ins.com.tw/INSPFWeb/html/img/claim/bg-document.png]
[www.cathay-ins.com.tw/cathayins/-/media/car claim applicationd961.pdf]
[www.cathay-ins.com.tw/cathayins/-/media/1090430CARb280.pdf]
[www.cathay-ins.com.tw/cathayins/-/media/capital0429451d.pdf]
[www.cathay-ins.com.tw/cathayins/-/media/car downloade3bc.7z]
[www.cathay-ins.com.tw/cathayins/personal/claim/car/index.html]
[www.cathay-ins.com.tw/CXIDocs/PF/image/claim/PFA4_0200/process-start@2x.png]
[www.cathay-ins.com.tw/CXIDocs/PF/image/claim/PFA4_0200/process-verify@2x.png]
[www.cathay-ins.com.tw/CXIDocs/PF/image/claim/PFA4_0200/progress-write@2x.png]
[www.cathay-ins.com.tw/CXIDocs/PF/image/claim/PFA4_0200/process-success@2x.png]
[www.cathay-ins.com.tw/CXIDocs/PF/image/claim/PFA4_0200/process-document@2x.png]
[www.cathay-ins.com.tw/CXIDocs/PF/image/claim/PFA4_0200/progress-location@2x.png]
[www.cathay-ins.com.tw/cathayins/-/media/Claim application561d.pdf]
[www.cathay-ins.com.tw/cathayins/-/media/postal addressee0d.pdf]
[www.cathay-ins.com.tw/cathayins/-/media/travel download48a7.7z]
[www.cathay-ins.com.tw/cathayins/personal/claim/travel/index.html]
[www.cathay-ins.com.tw/CXIDocs/PF/image/claim/PFA4_0300/process-start@2x.png]
[www.cathay-ins.com.tw/CXIDocs/PF/image/claim/PFA4_0300/process-document@2x.png]
[www.cathay-ins.com.tw/CXIDocs/PF/image/claim/PFA4_0300/process-check@2x.png]
[www.cathay-ins.com.tw/CXIDocs/PF/image/claim/PFA4_0300/process-success@2x.png]
[www.cathay-ins.com.tw/cathayins/personal/claim/house/index.html]
[www.cathay-ins.com.tw/cathayins/personal/claim/pet/index.html]
[www.cathay-ins.com.tw/cathayins/-/media/mobileclaimab58.pdf]
[www.cathay-ins.com.tw/cathayins/personal/claim/mobile/index.html]
[www.cathay-ins.com.tw/CXIDocs/PF/image/claim/PFA4_0800/process-document@2x.png]
[www.cathay-ins.com.tw/CXIDocs/PF/image/claim/PFA4_0800/progress-write@2x.png]
[www.cathay-ins.com.tw/CXIDocs/PF/image/claim/PFA4_0800/progress-location@2x.png]
[www.cathay-ins.com.tw/CXIDocs/PF/image/claim/PFA4_0800/process-success@2x.png]
[www.cathay-ins.com.tw/cathayins/personal/claim/accident/index.html]
[www.cathay-ins.com.tw/CXIDocs/PF/image/claim/PFA4_0600/process-document@2x.png]
[www.cathay-ins.com.tw/CXIDocs/PF/image/claim/PFA4_0600/progress-write@2x.png]
[www.cathay-ins.com.tw/CXIDocs/PF/image/claim/PFA4_0600/progress-location@2x.png]
[www.cathay-ins.com.tw/CXIDocs/PF/image/claim/PFA4_0600/process-success@2x.png]
[www.cathay-ins.com.tw/cathayins/personal/claim/health/index.html]
[www.cathay-ins.com.tw/CXIDocs/PF/image/claim/PFA4_0700/process-document@2x.png]
[www.cathay-ins.com.tw/CXIDocs/PF/image/claim/PFA4_0700/progress-write@2x.png]
[www.cathay-ins.com.tw/CXIDocs/PF/image/claim/PFA4_0700/progress-location@2x.png]
[www.cathay-ins.com.tw/CXIDocs/PF/image/claim/PFA4_0700/process-success@2x.png]
[www.cathay-ins.com.tw/cathayins/personal/claim/ubike/index.html]
[www.cathay-ins.com.tw/CXIDocs/PF/image/claim/PFA4_1200/process-start@2x.png]
[www.cathay-ins.com.tw/CXIDocs/PF/image/claim/PFA4_1200/process-document@2x.png]
[www.cathay-ins.com.tw/CXIDocs/PF/image/claim/PFA4_1200/process-verify@2x.png]
[www.cathay-ins.com.tw/CXIDocs/PF/image/claim/PFA4_1200/process-success@2x.png]
[www.cathay-ins.com.tw/cathayins/-/media/credit card claim application form 202003004ba5.pdf]
[www.cathay-ins.com.tw/cathayins/-/media/citi credit card claim application form 20200300dd8a.pdf]
[www.cathay-ins.com.tw/cathayins/-/media/EnTie credit card claim application form9b37.pdf]
[www.cathay-ins.com.tw/cathayins/personal/claim/creditcardins/index.html]
[www.cathay-ins.com.tw/CXIDocs/PF/image/claim/PFA4_0900/process-start@2x.png]
[www.cathay-ins.com.tw/CXIDocs/PF/image/claim/PFA4_0900/process-document@2x.png]
[www.cathay-ins.com.tw/CXIDocs/PF/image/claim/PFA4_0900/process-check@2x.png]
[www.cathay-ins.com.tw/cathayins/-/media/noticeofloss7c34.doc]
[www.cathay-ins.com.tw/cathayins/personal/claim/engineering/index.html]
[www.cathay-ins.com.tw/CXIDocs/PF/image/claim/PFA4_1000/process-start@2x.png]
[www.cathay-ins.com.tw/CXIDocs/PF/image/claim/PFA4_1000/process-check@2x.png]
[www.cathay-ins.com.tw/CXIDocs/PF/image/claim/PFA4_1000/process-success@2x.png]
[www.cathay-ins.com.tw/cathayins/personal/claim/marine/index.html]
[www.cathay-ins.com.tw/CXIDocs/PF/image/claim/PFA4_1100/process-document@2x.png]
[www.cathay-ins.com.tw/CXIDocs/PF/image/claim/PFA4_1100/progress-write@2x.png]
[www.cathay-ins.com.tw/CXIDocs/PF/image/claim/PFA4_1100/progress-location@2x.png]
[www.cathay-ins.com.tw/CXIDocs/PF/image/claim/PFA4_1100/process-success@2x.png]
[www.cathay-ins.com.tw/cathayins/personal/claim/others/index.html]
[www.cathay-ins.com.tw/CXIDocs/PF/image/insurance/PFA2_0140/banner.png]
[www.cathay-ins.com.tw/CXIDocs/PF/image/insurance/PFA2_0140/banner-sm.png]
[www.cathay-ins.com.tw/cathayins/-/media/table2x4f72.png]
[www.cathay-ins.com.tw/CXIDocs/PF/image/insurance/PFA2_0120/car.png]
[www.cathay-ins.com.tw/cathayins/personal/car/pd/index.html]
[www.cathay-ins.com.tw/CXIDocs/PF/image/insurance/PFA2_0130/banner.png]
[www.cathay-ins.com.tw/CXIDocs/PF/image/insurance/PFA2_0130/banner-sm.png]
[www.cathay-ins.com.tw/CXIDocs/PF/image/insurance/PFA2_0130/scooter-intro.png]
[www.cathay-ins.com.tw/CXIDocs/PF/image/insurance/PFA2_0130/scooter-intro@2x.png]
[www.cathay-ins.com.tw/cathayins/personal/car/over/index.html]
[www.cathay-ins.com.tw/CXIDocs/PF/image/insurance/car-ins-bg.png]
[www.cathay-ins.com.tw/CXIDocs/PF/image/insurance/car-ins-bg@2x.png]
[www.cathay-ins.com.tw/CXIDocs/PF/image/insurance/PFA2_0160/enforcement.png]
[www.cathay-ins.com.tw/CXIDocs/PF/image/insurance/icon-ambulance.png]
[www.cathay-ins.com.tw/CXIDocs/PF/image/insurance/icon-disable.png]
[www.cathay-ins.com.tw/CXIDocs/PF/image/insurance/icon-angel.png]
[www.cathay-ins.com.tw/CXIDocs/PF/image/insurance/PFA2_0160/enforcement-owner.png]
[www.cathay-ins.com.tw/CXIDocs/PF/image/insurance/PFA2_0160/enforcement-driver.png]
[www.cathay-ins.com.tw/CXIDocs/PF/image/insurance/PFA2_0160/i-hit-someone-injured.png]
[www.cathay-ins.com.tw/CXIDocs/PF/image/insurance/icon-accident.png]
[www.cathay-ins.com.tw/CXIDocs/PF/image/insurance/PFA2_0160/i-hit-a-wall-injured.png]
[www.cathay-ins.com.tw/CXIDocs/PF/image/insurance/icon-hospitalized.png]
[www.cathay-ins.com.tw/CXIDocs/PF/image/insurance/PFA2_0160/i-hit-my-passenger-died.png]
[www.cathay-ins.com.tw/CXIDocs/PF/image/insurance/PFA2_0160/i-hit-someone-disabled.png]
[www.cathay-ins.com.tw/CXIDocs/PF/image/insurance/PFA2_0160/i-hit-someone-visted.png]
[www.cathay-ins.com.tw/CXIDocs/PF/image/insurance/icon-clinic.png]
[www.cathay-ins.com.tw/CXIDocs/PF/image/insurance/PFA2_0160/court.png]
[www.cathay-ins.com.tw/CXIDocs/PF/image/insurance/icon-lawyer.png]
[www.cathay-ins.com.tw/CXIDocs/PF/image/insurance/PFA2_0160/i-hit-everybody-series-injured.png]
[www.cathay-ins.com.tw/CXIDocs/PF/image/insurance/PFA2_0160/i-hit-everybody-disaster.png]
[www.cathay-ins.com.tw/CXIDocs/PF/image/insurance/PFA2_0160/someone-hit-me.png]
[www.cathay-ins.com.tw/CXIDocs/PF/image/insurance/icon-damage.png]
[www.cathay-ins.com.tw/CXIDocs/PF/image/insurance/PFA2_0160/people-services.png]
[www.cathay-ins.com.tw/CXIDocs/PF/image/insurance/icon-truck.png]
[www.cathay-ins.com.tw/CXIDocs/PF/image/insurance/icon-pension.png]
[www.cathay-ins.com.tw/CXIDocs/PF/image/insurance/icon-hotel.png]
[www.cathay-ins.com.tw/CXIDocs/PF/image/insurance/PFA2_0160/accident-delay-my-schedule.png]
[www.cathay-ins.com.tw/CXIDocs/PF/image/insurance/PFA2_0160/i-drive-a-rental-car.png]
[www.cathay-ins.com.tw/CXIDocs/PF/image/insurance/PFA2_0160/car-services.png]
[www.cathay-ins.com.tw/CXIDocs/PF/image/insurance/PFA2_0160/protect-car-plan-a.png]
[www.cathay-ins.com.tw/CXIDocs/PF/image/insurance/PFA2_0160/protect-car-plan-b.png]
[www.cathay-ins.com.tw/CXIDocs/PF/image/insurance/PFA2_0160/protect-car-plan-c.png]
[www.cathay-ins.com.tw/CXIDocs/PF/image/insurance/PFA2_0160/anti-thief.png]
[www.cathay-ins.com.tw/cathayins/personal/car/all/index.html]
[www.cathay-ins.com.tw/CXIDocs/PF/image/insurance/PFA2_0110/banner.png]
[www.cathay-ins.com.tw/CXIDocs/PF/image/insurance/PFA2_0110/banner-sm.png]
[www.cathay-ins.com.tw/cathayins/personal/car/conpulsory/index.html]
[www.cathay-ins.com.tw/CXIDocs/PF/image/insurance/PFA2_0120/banner.png]
[www.cathay-ins.com.tw/CXIDocs/PF/image/insurance/PFA2_0120/banner-sm.png]
[www.cathay-ins.com.tw/cathayins/personal/car/liability/index.html]
[www.cathay-ins.com.tw/CXIDocs/PF/image/insurance/PFA2_0150/banner.png]
[www.cathay-ins.com.tw/CXIDocs/PF/image/insurance/PFA2_0150/banner-sm.png]
[www.cathay-ins.com.tw/cathayins/personal/car/thief/index.html]
[www.cathay-ins.com.tw/CXIDocs/PF/image/insurance/PFA2_0240/banner.png]
[www.cathay-ins.com.tw/CXIDocs/PF/image/insurance/PFA2_0240/banner-sm.png]
[www.cathay-ins.com.tw/cathayins/personal/motorcycle/thief/index.html]
[www.cathay-ins.com.tw/cathayins/news/event_200219/index.html]
[www.cathay-ins.com.tw/CXIDocs/PF/image/insurance/PFA2_0250/banner.png]
[www.cathay-ins.com.tw/CXIDocs/PF/image/insurance/PFA2_0250/banner@2x.png]
[www.cathay-ins.com.tw/CXIDocs/PF/image/insurance/PFA2_0250/banner-sm.png]
[www.cathay-ins.com.tw/CXIDocs/PF/image/insurance/PFA2_0250/banner-sm@2x.png]
[www.cathay-ins.com.tw/CXIDocs/PF/image/insurance/PFA2_0250/i-hit-someone-hurted.png]
[www.cathay-ins.com.tw/CXIDocs/PF/image/insurance/PFA2_0250/myfried-ride-my-scooter-felt-off-injured.png]
[www.cathay-ins.com.tw/CXIDocs/PF/image/insurance/PFA2_0250/i-felt-off-injured.png]
[www.cathay-ins.com.tw/CXIDocs/PF/image/insurance/PFA2_0250/i-hit-someone-injured.png]
[www.cathay-ins.com.tw/CXIDocs/PF/image/insurance/PFA2_0250/i-hit-wall-injured.png]
[www.cathay-ins.com.tw/CXIDocs/PF/image/insurance/PFA2_0250/i-hit-someone-mypassenger-died.png]
[www.cathay-ins.com.tw/CXIDocs/PF/image/insurance/PFA2_0250/i-hit-someone-disabled.png]
[www.cathay-ins.com.tw/CXIDocs/PF/image/insurance/PFA2_0250/overamountFirst.png]
[www.cathay-ins.com.tw/CXIDocs/PF/image/insurance/PFA2_0250/overamountSecond.png]
[www.cathay-ins.com.tw/CXIDocs/PF/image/insurance/PFA2_0250/i-hit-someone-visted.png]
[www.cathay-ins.com.tw/CXIDocs/PF/image/insurance/PFA2_0250/court.png]
[www.cathay-ins.com.tw/cathayins/personal/motorcycle/all/index.html]
[www.cathay-ins.com.tw/CXIDocs/PF/image/insurance/PFA2_0210/banner.png]
[www.cathay-ins.com.tw/CXIDocs/PF/image/insurance/PFA2_0210/banner-sm.png]
[www.cathay-ins.com.tw/CXIDocs/PF/image/insurance/PFA2_0210/scooter-intro.png]
[www.cathay-ins.com.tw/CXIDocs/PF/image/insurance/PFA2_0210/scooter-intro@2x.png]
[www.cathay-ins.com.tw/cathayins/personal/motorcycle/compulsory/index.html]
[www.cathay-ins.com.tw/CXIDocs/PF/image/insurance/PFA2_0220/banner.png]
[www.cathay-ins.com.tw/CXIDocs/PF/image/insurance/PFA2_0220/banner-sm.png]
[www.cathay-ins.com.tw/cathayins/personal/motorcycle/driver/index.html]
[www.cathay-ins.com.tw/CXIDocs/PF/image/insurance/PFA2_0230/banner.png]
[www.cathay-ins.com.tw/CXIDocs/PF/image/insurance/PFA2_0230/banner-sm.png]
[www.cathay-ins.com.tw/cathayins/personal/motorcycle/liability/index.html]
[www.cathay-ins.com.tw/CXIDocs/PF/image/insurance/PFA2_0310/download-app.png]
[www.cathay-ins.com.tw/CXIDocs/PF/image/insurance/PFA2_0310/download-app@2x.png]
[www.cathay-ins.com.tw/cathayins/personal/travel/oversea/index.html]
[www.cathay-ins.com.tw/cathayins/personal/travel/emergencyassistance/index.html]
[www.cathay-ins.com.tw/CXIDocs/PF/image/claim/process-start.png]
[www.cathay-ins.com.tw/CXIDocs/PF/image/claim/process-start@2x.png]
[www.cathay-ins.com.tw/CXIDocs/PF/image/claim/process-check.png]
[www.cathay-ins.com.tw/CXIDocs/PF/image/claim/process-check@2x.png]
[www.cathay-ins.com.tw/CXIDocs/PF/image/claim/progress-write.png]
[www.cathay-ins.com.tw/CXIDocs/PF/image/claim/progress-write@2x.png]
[www.cathay-ins.com.tw/CXIDocs/PF/image/claim/process-success.png]
[www.cathay-ins.com.tw/CXIDocs/PF/image/claim/process-success@2x.png]
[www.cathay-ins.com.tw/CXIDocs/PF/image/insurance/PFA2_0310/banner-img.png]
[www.cathay-ins.com.tw/CXIDocs/PF/image/insurance/PFA2_0310/banner-img@2x.png]
[www.cathay-ins.com.tw/CXIDocs/PF/image/insurance/PFA2_0310/banner-img-sm.png]
[www.cathay-ins.com.tw/CXIDocs/PF/image/insurance/PFA2_0310/banner-img-sm@2x.png]
[www.cathay-ins.com.tw/cathayins/personal/travel/fastclaim/index.html]
[www.cathay-ins.com.tw/cathayins/personal/travel/domain/index.html]
[www.cathay-ins.com.tw/cathayins/personal/events/index.html]
[www.cathay-ins.com.tw/cathayins/-/media/travel_2880x624.jpg]
[www.cathay-ins.com.tw/cathayins/-/media/750x496.jpg]
[www.cathay-ins.com.tw/cathayins/-/media/tickets.jpg]
[www.cathay-ins.com.tw/cathayins/-/media/tickets_waifu2x_336x269.png]
[www.cathay-ins.com.tw/cathayins/-/media/plan_tickets.jpg]
[www.cathay-ins.com.tw/cathayins/-/media/plan_tickets_336x269.png]
[www.cathay-ins.com.tw/cathayins/-/media/gopro_200x160.png]
[www.cathay-ins.com.tw/cathayins/-/media/gopro_336x269.png]
[www.cathay-ins.com.tw/cathayins/-/media/activity-detail-03.png]
[www.cathay-ins.com.tw/cathayins/-/media/activityDetail-03-sm.png]
[www.cathay-ins.com.tw/cathayins/-/media/QRcode_line_200x160.png]
[www.cathay-ins.com.tw/cathayins/-/media/QRcode_line_336x269.png]
[www.cathay-ins.com.tw/cathayins/personal/events/list/travel/201910group/index.html]
[www.cathay-ins.com.tw/cathayins/personal/events/list/travel/201910group/index5493.html]
[www.cathay-ins.com.tw/cathayins/-/media/banner-03.png]
[www.cathay-ins.com.tw/cathayins/-/media/banner032x.png]
[www.cathay-ins.com.tw/cathayins/-/media/banner-03-sm.png]
[www.cathay-ins.com.tw/cathayins/-/media/banner03sm2x.png]
[www.cathay-ins.com.tw/cathayins/-/media/V4_price258f.jpg]
[www.cathay-ins.com.tw/cathayins/personal/events/list/travel/201908joinme/index.html]
[www.cathay-ins.com.tw/cathayins/personal/events/list/travel/201908joinme/index5493.html]
[www.cathay-ins.com.tw/cathayins/-/media/Gogoro_200x160.png]
[www.cathay-ins.com.tw/cathayins/-/media/Gogoro_336x269.png]
[www.cathay-ins.com.tw/cathayins/-/media/newlight_icon_200x160.png]
[www.cathay-ins.com.tw/cathayins/-/media/newlight_icon_336x269.png]
[www.cathay-ins.com.tw/cathayins/-/media/activity-detail-02.png]
[www.cathay-ins.com.tw/cathayins/-/media/activityDetail-02-sm.png]
[www.cathay-ins.com.tw/cathayins/personal/events/list/travel/201907q3/index2a5a.html]
[www.cathay-ins.com.tw/cathayins/personal/events/list/travel/201907q3/index5493.html]
[www.cathay-ins.com.tw/cathayins/-/media/car2019_list550e.png]
[www.cathay-ins.com.tw/cathayins/personal/events/list/car/201905earlybird/index.html]
[www.cathay-ins.com.tw/cathayins/personal/events/list/car/201905earlybird/index5493.html]
[www.cathay-ins.com.tw/cathayins/personal/events/list/all/201901q1/index.html]
[www.cathay-ins.com.tw/cathayins/personal/events/list/all/201901q1/index5493.html]
[www.cathay-ins.com.tw/cathayins/personal/events/list/member/201901q1/index.html]
[www.cathay-ins.com.tw/cathayins/personal/events/list/member/201901q1/index5493.html]
[www.cathay-ins.com.tw/cathayins/company/sustainable/happiness/index.html]
[www.cathay-ins.com.tw/CXIDocs/PF/image/company/PFB5_0301/vision-org.png]
[www.cathay-ins.com.tw/cathayins/company/sustainable/happiness/2/index.html]
[www.cathay-ins.com.tw/cathayins/company/sustainable/happiness/3/index.html]
[www.cathay-ins.com.tw/cathayins/-/media/CSR3676.JPG]
[www.cathay-ins.com.tw/cathayins/-/media/TCSA14c26.JPG]
[www.cathay-ins.com.tw/cathayins/-/media/Govcd01.JPG]
[www.cathay-ins.com.tw/cathayins/-/media/PWC44b5.jpg]
[www.cathay-ins.com.tw/cathayins/-/media/beste7be.JPG]
[www.cathay-ins.com.tw/cathayins/-/media/young66cb.jpg]
[www.cathay-ins.com.tw/cathayins/company/sustainable/happiness/4/index.html]
[www.cathay-ins.com.tw/cathayins/-/media/successnew5556.png]
[www.cathay-ins.com.tw/cathayins/company/sustainable/enviroment/1/index.html]
[www.cathay-ins.com.tw/cathayins/-/media/valuechain2408.png]
[www.cathay-ins.com.tw/cathayins/-/media/paperless32d7.png]
[www.cathay-ins.com.tw/cathayins/-/media/footprintnew119fb3.jpg]
[www.cathay-ins.com.tw/cathayins/company/sustainable/enviroment/2/index.html]
[www.cathay-ins.com.tw/CXIDocs/PF/image/company/PFB5_0302/green-insurance-traffic-2.png]
[www.cathay-ins.com.tw/CXIDocs/PF/image/company/PFB5_0302/green-insurance-traffic-1.png]
[www.cathay-ins.com.tw/CXIDocs/PF/image/company/PFB5_0302/green-insurance-energy.png]
[www.cathay-ins.com.tw/CXIDocs/PF/image/company/PFB5_0302/green-insurance-learning.png]
[www.cathay-ins.com.tw/cathayins/company/sustainable/enviroment/3/index.html]
[www.cathay-ins.com.tw/cathayins/company/sustainable/prosperity/1/index.html]
[www.cathay-ins.com.tw/cathayins/-/media/survey70ae.png]
[www.cathay-ins.com.tw/cathayins/-/media/happnessdc96.jpg]
[www.cathay-ins.com.tw/cathayins/company/sustainable/prosperity/2/index.html]
[www.cathay-ins.com.tw/CXIDocs/PF/image/company/PFB5_0303/talent-1.png]
[www.cathay-ins.com.tw/CXIDocs/PF/image/company/PFB5_0303/talent-2.png]
[www.cathay-ins.com.tw/cathayins/company/sustainable/prosperity/3/index.html]
[www.cathay-ins.com.tw/CXIDocs/PF/image/company/PFB5_0303/cope-01.png]
[www.cathay-ins.com.tw/cathayins/-/media/schoolnew3e5f.png]
[www.cathay-ins.com.tw/CXIDocs/PF/image/company/PFB5_0303/damage-prevention-zero-accident.png]
[www.cathay-ins.com.tw/CXIDocs/PF/image/company/PFB5_0303/damage-prevention-motorcyclist-1.png]
[www.cathay-ins.com.tw/CXIDocs/PF/image/company/PFB5_0303/damage-prevention-motorcyclist-2.png]
[www.cathay-ins.com.tw/CXIDocs/PF/image/company/PFB5_0303/damage-prevention-motorcyclist-3.png]
[www.cathay-ins.com.tw/cathayins/company/sustainable/prosperity/4/index.html]
[www.cathay-ins.com.tw/CXIDocs/PF/image/company/PFB5_0303/society-elder.png]
[www.cathay-ins.com.tw/cathayins/-/media/farmer6b2a.png]
[www.cathay-ins.com.tw/CXIDocs/PF/image/company/PFB5_0303/society-disadvantaged.jpg]
[www.cathay-ins.com.tw/cathayins/-/media/atlathtic446a.jpg]
[www.cathay-ins.com.tw/cathayins/-/media/familycd24.png]
[www.cathay-ins.com.tw/cathayins/-/media/ironmannew332f21.png]
[www.cathay-ins.com.tw/cathayins/company/sustainable/prosperity/5/index.html]
[www.cathay-ins.com.tw/cathayins/-/media/success0ec3.png]
[www.cathay-ins.com.tw/cathayins/company/sustainable/goverance/1/index.html]
[www.cathay-ins.com.tw/CXIDocs/PF/image/company/PFB5_0304/governance-structure-1.png]
[www.cathay-ins.com.tw/CXIDocs/PF/image/company/PFB5_0304/governance-structure-2.png]
[www.cathay-ins.com.tw/cathayins/company/sustainable/goverance/2/index.html]
[www.cathay-ins.com.tw/CXIDocs/PF/image/company/PFB5_0304/risk-management-1.png]
[www.cathay-ins.com.tw/CXIDocs/PF/image/company/PFB5_0304/risk-management-2.png]
[www.cathay-ins.com.tw/CXIDocs/PF/image/company/PFB5_0304/risk-management-3.png]
[www.cathay-ins.com.tw/CXIDocs/PF/image/company/PFB5_0304/risk-management-4.jpg]
[www.cathay-ins.com.tw/CXIDocs/PF/image/company/PFB5_0304/risk-management-law.png]
[www.cathay-ins.com.tw/cathayins/company/sustainable/goverance/3/index.html]
[www.cathay-ins.com.tw/CXIDocs/PF/image/company/PFB5_0304/comstomer-service-travel.png]
[www.cathay-ins.com.tw/cathayins/-/media/APPa62c.png]
[www.cathay-ins.com.tw/cathayins/-/media/comstomerserviceeea3.png]
[www.cathay-ins.com.tw/cathayins/company/sustainable/goverance/4/index.html]
[www.cathay-ins.com.tw/cathayins/-/media/psicover6eed.png]
[www.cathay-ins.com.tw/cathayins/-/media/2019CH726d.pdf]
[www.cathay-ins.com.tw/cathayins/-/media/2019EN56c8.pdf]
[www.cathay-ins.com.tw/CXIDocs/PF/image/company/PFB5_0352/cover108.png]
[www.cathay-ins.com.tw/CXIDocs/PF/image/company/PFB5_0352/cover107.png]
[www.cathay-ins.com.tw/cathayins/company/sustainable/statement/PSI/index.html]
[www.cathay-ins.com.tw/cathayins/-/media/Cathay Financial Holdings Environmental and Energy Policy8a9e.pdf]
[www.cathay-ins.com.tw/cathayins/company/sustainable/statement/PSI1/index.html]
[www.cathay-ins.com.tw/cathayins/personal/group/index.html]
[www.cathay-ins.com.tw/CXIDocs/PF/image/commercial-ins/PFB3_0100/banner.png]
[www.cathay-ins.com.tw/CXIDocs/PF/image/commercial-ins/PFB3_0100/banner@2x.png]
[www.cathay-ins.com.tw/CXIDocs/PF/image/commercial-ins/PFB3_0100/banner-sm.png]
[www.cathay-ins.com.tw/CXIDocs/PF/image/commercial-ins/PFB3_0100/banner-sm@2x.png]
[www.cathay-ins.com.tw/CXIDocs/PF/image/commercial-ins/PFB3_0100/property-2.png]
[www.cathay-ins.com.tw/CXIDocs/PF/image/commercial-ins/PFB3_0100/property-2@2x.png]
[www.cathay-ins.com.tw/CXIDocs/PF/image/commercial-ins/PFB3_0100/staf-traffic-p-1.png]
[www.cathay-ins.com.tw/CXIDocs/PF/image/commercial-ins/PFB3_0100/staf-traffic-p-1-sm.png]
[www.cathay-ins.com.tw/CXIDocs/PF/image/commercial-ins/PFB3_0100/staf-traffic-p-2.png]
[www.cathay-ins.com.tw/CXIDocs/PF/image/commercial-ins/PFB3_0100/staf-traffic-p-2@2x.png]
[www.cathay-ins.com.tw/CXIDocs/PF/image/commercial-ins/PFB3_0100/staf-traffic-p-2-sm@2x.png]
[www.cathay-ins.com.tw/cathayins/-/media/fire1e8e.png]
[www.cathay-ins.com.tw/cathayins/-/media/firef52b.png]
[www.cathay-ins.com.tw/cathayins/-/media/E29e58.png]
[www.cathay-ins.com.tw/cathayins/-/media/E2f52b.png]
[www.cathay-ins.com.tw/CXIDocs/PF/image/commercial-ins/PFB3_0100/staf-traffic-p-5.png]
[www.cathay-ins.com.tw/CXIDocs/PF/image/commercial-ins/PFB3_0100/staf-traffic-p-5@2x.png]
[www.cathay-ins.com.tw/CXIDocs/PF/image/commercial-ins/PFB3_0100/staf-traffic-p-5-sm@2x.png]
[www.cathay-ins.com.tw/CXIDocs/PF/image/insurance/situation-bg.png]
[www.cathay-ins.com.tw/CXIDocs/PF/image/commercial-ins/PFB3_0100/staf-traffic-s-1.png]
[www.cathay-ins.com.tw/CXIDocs/PF/image/commercial-ins/PFB3_0100/staf-traffic-s-1-sm.png]
[www.cathay-ins.com.tw/CXIDocs/PF/image/commercial-ins/PFB3_0100/staf-traffic-s-2.png]
[www.cathay-ins.com.tw/CXIDocs/PF/image/commercial-ins/PFB3_0100/staf-traffic-s-2-sm.png]
[www.cathay-ins.com.tw/CXIDocs/PF/image/commercial-ins/PFB3_0100/staf-traffic-s-3.png]
[www.cathay-ins.com.tw/CXIDocs/PF/image/commercial-ins/PFB3_0100/staf-traffic-s-3-sm.png]
[www.cathay-ins.com.tw/CXIDocs/PF/image/insurance/wave.png]
[www.cathay-ins.com.tw/cathayins/commercial/fireaccident/losscontrol/index.html]
[www.cathay-ins.com.tw/CXIDocs/PF/image/commercial-ins/PFB3_0200/banner.png]
[www.cathay-ins.com.tw/CXIDocs/PF/image/commercial-ins/PFB3_0200/banner@2x.png]
[www.cathay-ins.com.tw/CXIDocs/PF/image/commercial-ins/PFB3_0200/banner-sm.png]
[www.cathay-ins.com.tw/CXIDocs/PF/image/commercial-ins/PFB3_0200/banner-sm@2x.png]
[www.cathay-ins.com.tw/CXIDocs/PF/image/commercial-ins/PFB3_0200/staf-traffic-2.png]
[www.cathay-ins.com.tw/CXIDocs/PF/image/commercial-ins/PFB3_0200/staf-traffic-2@2x.png]
[www.cathay-ins.com.tw/CXIDocs/PF/image/commercial-ins/PFB3_0200/staf-traffic-p-1.png]
[www.cathay-ins.com.tw/CXIDocs/PF/image/commercial-ins/PFB3_0200/staf-traffic-p-1@2x.png]
[www.cathay-ins.com.tw/CXIDocs/PF/image/commercial-ins/PFB3_0200/staf-traffic-p-2.png]
[www.cathay-ins.com.tw/CXIDocs/PF/image/commercial-ins/PFB3_0200/staf-traffic-p-2@2x.png]
[www.cathay-ins.com.tw/CXIDocs/PF/image/commercial-ins/PFB3_0200/staf-traffic-p-3.png]
[www.cathay-ins.com.tw/CXIDocs/PF/image/commercial-ins/PFB3_0200/staf-traffic-p-3@2x.png]
[www.cathay-ins.com.tw/CXIDocs/PF/image/commercial-ins/PFB3_0200/staf-traffic-s-1.png]
[www.cathay-ins.com.tw/CXIDocs/PF/image/commercial-ins/PFB3_0200/staf-traffic-s-1-sm.png]
[www.cathay-ins.com.tw/CXIDocs/PF/image/commercial-ins/PFB3_0200/staf-traffic-s-2.png]
[www.cathay-ins.com.tw/CXIDocs/PF/image/commercial-ins/PFB3_0200/staf-traffic-s-2-sm.png]
[www.cathay-ins.com.tw/CXIDocs/PF/image/commercial-ins/PFB3_0200/staf-traffic-s-3.png]
[www.cathay-ins.com.tw/CXIDocs/PF/image/commercial-ins/PFB3_0200/staf-traffic-s-3-sm.png]
[www.cathay-ins.com.tw/cathayins/commercial/trafficaccident/tap/index.html]
[www.cathay-ins.com.tw/CXIDocs/PF/image/group/PFA1_0510/persona-chef@2x.png]
[www.cathay-ins.com.tw/cathayins/-/media/Card1-13.jpg]
[www.cathay-ins.com.tw/cathayins/-/media/Card1-sm-13.jpg]
[www.cathay-ins.com.tw/cathayins/-/media/Card2-14.jpg]
[www.cathay-ins.com.tw/cathayins/-/media/Card2-sm-13.jpg]
[www.cathay-ins.com.tw/cathayins/-/media/Card3-14.jpg]
[www.cathay-ins.com.tw/cathayins/-/media/Card3-sm-13.jpg]
[www.cathay-ins.com.tw/cathayins/-/media/Card4-9.jpg]
[www.cathay-ins.com.tw/cathayins/-/media/Card4-sm-8.jpg]
[www.cathay-ins.com.tw/cathayins/-/media/Card5-7.jpg]
[www.cathay-ins.com.tw/cathayins/-/media/Card5-sm-6.jpg]
[www.cathay-ins.com.tw/cathayins/commercial/group/restaurant/index.html]
[www.cathay-ins.com.tw/CXIDocs/PF/image/group/PFA1_0520/persona-office@2x.png]
[www.cathay-ins.com.tw/cathayins/-/media/Card1-14.jpg]
[www.cathay-ins.com.tw/cathayins/-/media/Card1-sm-14.jpg]
[www.cathay-ins.com.tw/cathayins/-/media/Card4-10.jpg]
[www.cathay-ins.com.tw/cathayins/-/media/Card4-sm-9.jpg]
[www.cathay-ins.com.tw/cathayins/-/media/Card3-15.jpg]
[www.cathay-ins.com.tw/cathayins/-/media/Card3-sm-14.jpg]
[www.cathay-ins.com.tw/cathayins/-/media/Card5-8.jpg]
[www.cathay-ins.com.tw/cathayins/-/media/Card5-sm-7.jpg]
[www.cathay-ins.com.tw/cathayins/commercial/group/office/index.html]
[www.cathay-ins.com.tw/CXIDocs/PF/image/group/PFA1_0530/persona-restaurant@2x.png]
[www.cathay-ins.com.tw/cathayins/-/media/Card1-15.jpg]
[www.cathay-ins.com.tw/cathayins/-/media/Card1-sm-15.jpg]
[www.cathay-ins.com.tw/cathayins/-/media/Card2-15.jpg]
[www.cathay-ins.com.tw/cathayins/-/media/Card2-sm-14.jpg]
[www.cathay-ins.com.tw/cathayins/commercial/group/retail/index.html]
[www.cathay-ins.com.tw/CXIDocs/PF/image/group/PFA1_0540/persona-hospital@2x.png]
[www.cathay-ins.com.tw/cathayins/-/media/Card1-16.jpg]
[www.cathay-ins.com.tw/cathayins/-/media/Card1-sm-16.jpg]
[www.cathay-ins.com.tw/cathayins/-/media/Card2-16.jpg]
[www.cathay-ins.com.tw/cathayins/-/media/Card2-sm-15.jpg]
[www.cathay-ins.com.tw/cathayins/commercial/group/clinic/index.html]
[www.cathay-ins.com.tw/CXIDocs/PF/image/group/PFA1_0550/persona-factory@2x.png]
[www.cathay-ins.com.tw/cathayins/-/media/Card1-17.jpg]
[www.cathay-ins.com.tw/cathayins/-/media/Card1-sm-17.jpg]
[www.cathay-ins.com.tw/cathayins/-/media/Card2-17.jpg]
[www.cathay-ins.com.tw/cathayins/-/media/Card2-sm-16.jpg]
[www.cathay-ins.com.tw/cathayins/-/media/Card3-16.jpg]
[www.cathay-ins.com.tw/cathayins/-/media/Card3-sm-15.jpg]
[www.cathay-ins.com.tw/cathayins/-/media/Card4-11.jpg]
[www.cathay-ins.com.tw/cathayins/-/media/Card4-sm-10.jpg]
[www.cathay-ins.com.tw/cathayins/-/media/Card5-9.jpg]
[www.cathay-ins.com.tw/cathayins/-/media/Card5-sm-8.jpg]
[www.cathay-ins.com.tw/cathayins/commercial/group/factory/index.html]
[www.cathay-ins.com.tw/CXIDocs/PF/image/group/PFA1_0560/persona-farmer@2x.png]
[www.cathay-ins.com.tw/cathayins/-/media/Card1-18.jpg]
[www.cathay-ins.com.tw/cathayins/-/media/Card1-sm-18.jpg]
[www.cathay-ins.com.tw/cathayins/-/media/Card2-18.jpg]
[www.cathay-ins.com.tw/cathayins/-/media/Card2-sm-17.jpg]
[www.cathay-ins.com.tw/cathayins/commercial/group/farmer/index.html]
[www.cathay-ins.com.tw/CXIDocs/PF/image/accident/PFA1_0610/scenario-fire@2x.png]
[www.cathay-ins.com.tw/cathayins/-/media/Card1-19.jpg]
[www.cathay-ins.com.tw/cathayins/-/media/Card1-sm-19.jpg]
[www.cathay-ins.com.tw/cathayins/commercial/popular/fire/index.html]
[www.cathay-ins.com.tw/CXIDocs/PF/image/accident/PFA1_0620/scenario-disaster@2x.png]
[www.cathay-ins.com.tw/cathayins/-/media/Card1-20.jpg]
[www.cathay-ins.com.tw/cathayins/-/media/Card1-sm-20.jpg]
[www.cathay-ins.com.tw/cathayins/-/media/Card2-19.jpg]
[www.cathay-ins.com.tw/cathayins/-/media/Card2-sm-18.jpg]
[www.cathay-ins.com.tw/cathayins/-/media/Card3-17.jpg]
[www.cathay-ins.com.tw/cathayins/-/media/Card3-sm-16.jpg]
[www.cathay-ins.com.tw/cathayins/commercial/popular/disaster/index.html]
[www.cathay-ins.com.tw/CXIDocs/PF/image/accident/PFA1_0630/scenario-accident@2x.png]
[www.cathay-ins.com.tw/cathayins/-/media/Card1-21.jpg]
[www.cathay-ins.com.tw/cathayins/-/media/Card1-sm-21.jpg]
[www.cathay-ins.com.tw/cathayins/-/media/Card3-18.jpg]
[www.cathay-ins.com.tw/cathayins/-/media/Card3-sm-17.jpg]
[www.cathay-ins.com.tw/cathayins/-/media/Card2-20.jpg]
[www.cathay-ins.com.tw/cathayins/-/media/Card2-sm-19.jpg]
[www.cathay-ins.com.tw/cathayins/commercial/popular/engineering/index.html]
[www.cathay-ins.com.tw/CXIDocs/PF/image/accident/PFA1_0640/scenario-employer@2x.png]
[www.cathay-ins.com.tw/cathayins/-/media/Card1-22.jpg]
[www.cathay-ins.com.tw/cathayins/-/media/Card1-sm-22.jpg]
[www.cathay-ins.com.tw/cathayins/-/media/Card2-21.jpg]
[www.cathay-ins.com.tw/cathayins/-/media/Card2-sm-20.jpg]
[www.cathay-ins.com.tw/cathayins/-/media/Card3-19.jpg]
[www.cathay-ins.com.tw/cathayins/-/media/Card3-sm-18.jpg]
[www.cathay-ins.com.tw/cathayins/-/media/Card4-12.jpg]
[www.cathay-ins.com.tw/cathayins/-/media/Card4-sm-11.jpg]
[www.cathay-ins.com.tw/cathayins/-/media/Card5-10.jpg]
[www.cathay-ins.com.tw/cathayins/-/media/Card5-sm-9.jpg]
[www.cathay-ins.com.tw/cathayins/commercial/popular/shop/index.html]
[www.cathay-ins.com.tw/CXIDocs/PF/image/accident/PFA1_0650/scenario-pro@2x.png]
[www.cathay-ins.com.tw/cathayins/-/media/Card1-23.jpg]
[www.cathay-ins.com.tw/cathayins/-/media/Card1-sm-23.jpg]
[www.cathay-ins.com.tw/cathayins/-/media/Card2-22.jpg]
[www.cathay-ins.com.tw/cathayins/-/media/Card2-sm-21.jpg]
[www.cathay-ins.com.tw/cathayins/commercial/popular/fault/index.html]
[www.cathay-ins.com.tw/CXIDocs/PF/image/accident/PFA1_0660/scenario-information@2x.png]
[www.cathay-ins.com.tw/cathayins/-/media/Card1-24.jpg]
[www.cathay-ins.com.tw/cathayins/-/media/Card1-sm-24.jpg]
[www.cathay-ins.com.tw/cathayins/commercial/popular/cyber/index.html]
[www.cathay-ins.com.tw/cathayins/commercial/fireaccident/index.html]
[www.cathay-ins.com.tw/cathayins/img/index/tab-arrow.html]
[www.cathay-ins.com.tw/cathayins/-/media/35.png]
[www.cathay-ins.com.tw/cathayins/-/media/352x.png]
[www.cathay-ins.com.tw/cathayins/-/media/fire-2.png]
[www.cathay-ins.com.tw/cathayins/-/media/fire22x.png]
[www.cathay-ins.com.tw/cathayins/-/media/cathay-ins_commercial_fire_Insurence6c91.pdf]
[www.cathay-ins.com.tw/cathayins/-/media/cathay-ins_commercial_comprehensive fire insurance4a2a.pdf]
[www.cathay-ins.com.tw/cathayins/-/media/p_fire-s-16fed.png]
[www.cathay-ins.com.tw/cathayins/-/media/pfires12x534e.png]
[www.cathay-ins.com.tw/cathayins/-/media/p_fire-s-2c274.png]
[www.cathay-ins.com.tw/cathayins/-/media/pfires22x603f.png]
[www.cathay-ins.com.tw/cathayins/-/media/p_fire-s-379a6.png]
[www.cathay-ins.com.tw/cathayins/-/media/pfires32x2e68.png]
[www.cathay-ins.com.tw/cathayins/commercial/others/fireinsurence/index.html]
[www.cathay-ins.com.tw/cathayins/-/media/35-2.png]
[www.cathay-ins.com.tw/cathayins/-/media/352x-2.png]
[www.cathay-ins.com.tw/cathayins/-/media/stock-2.png]
[www.cathay-ins.com.tw/cathayins/-/media/stock22x.png]
[www.cathay-ins.com.tw/cathayins/-/media/INSTITUTE CARGO CLAUSES A3c49.pdf]
[www.cathay-ins.com.tw/cathayins/-/media/Inland Cargo Transit Clause A0882.pdf]
[www.cathay-ins.com.tw/cathayins/-/media/stockp12xe9dd.png]
[www.cathay-ins.com.tw/cathayins/-/media/stocks22x275a.png]
[www.cathay-ins.com.tw/cathayins/-/media/p_stock-s-1eb0b.png]
[www.cathay-ins.com.tw/cathayins/-/media/pstocks12xad64.png]
[www.cathay-ins.com.tw/cathayins/-/media/p_stock-s-2c9e7.png]
[www.cathay-ins.com.tw/cathayins/-/media/pstocks22x1203.png]
[www.cathay-ins.com.tw/cathayins/-/media/p_stock-s-393f5.png]
[www.cathay-ins.com.tw/cathayins/-/media/pstocks32x583c.png]
[www.cathay-ins.com.tw/cathayins/commercial/others/cargoinsurence/index.html]
[www.cathay-ins.com.tw/cathayins/-/media/35-3.png]
[www.cathay-ins.com.tw/cathayins/-/media/352x-3.png]
[www.cathay-ins.com.tw/cathayins/-/media/fishing-2.png]
[www.cathay-ins.com.tw/cathayins/-/media/fishing22x.png]
[www.cathay-ins.com.tw/cathayins/-/media/ITCHulls 11083CL280c335.pdf]
[www.cathay-ins.com.tw/cathayins/-/media/Cathay-ins_Commercial_Fishing vessel insurance clause0617.pdf]
[www.cathay-ins.com.tw/cathayins/-/media/Cathay Century Insurance Protection and Indemnity Insurancecf76.pdf]
[www.cathay-ins.com.tw/cathayins/-/media/fishingsmallp12x481f.png]
[www.cathay-ins.com.tw/cathayins/-/media/fishingsmallp22xabc8.png]
[www.cathay-ins.com.tw/cathayins/-/media/fishingsmallp32x8540.png]
[www.cathay-ins.com.tw/cathayins/-/media/p_fishing-s-15301.png]
[www.cathay-ins.com.tw/cathayins/-/media/pfishings12x7534.png]
[www.cathay-ins.com.tw/cathayins/-/media/p_fishing-s-2beae.png]
[www.cathay-ins.com.tw/cathayins/-/media/pfishings22x8dc4.png]
[www.cathay-ins.com.tw/cathayins/-/media/p_fishing-s-33c11.png]
[www.cathay-ins.com.tw/cathayins/-/media/pfishings32x0035.png]
[www.cathay-ins.com.tw/cathayins/commercial/others/hullinsurence/index.html]
[www.cathay-ins.com.tw/cathayins/-/media/35-4.png]
[www.cathay-ins.com.tw/cathayins/-/media/352x-4.png]
[www.cathay-ins.com.tw/cathayins/-/media/marine-2.png]
[www.cathay-ins.com.tw/cathayins/-/media/marine22x.png]
[www.cathay-ins.com.tw/cathayins/-/media/marinesmallp12x.png]
[www.cathay-ins.com.tw/cathayins/-/media/Cathay-Ins_Marineliabilitly Insurence_04fd01.pdf]
[www.cathay-ins.com.tw/cathayins/-/media/marinep22x.png]
[www.cathay-ins.com.tw/cathayins/-/media/Cathay-Ins_Marineliabilitly Insurence_03084b.pdf]
[www.cathay-ins.com.tw/cathayins/-/media/marinep32x.png]
[www.cathay-ins.com.tw/cathayins/-/media/1051011CathayInsMarineliabilitly Insurence02d187.pdf]
[www.cathay-ins.com.tw/cathayins/-/media/Cathay-Ins_Marineliabilitly Insurence_01b03f.pdf]
[www.cathay-ins.com.tw/cathayins/commercial/others/marineliabilitlyinsurence/index.html]
[www.cathay-ins.com.tw/cathayins/-/media/35-5.png]
[www.cathay-ins.com.tw/cathayins/-/media/352x-5.png]
[www.cathay-ins.com.tw/cathayins/-/media/construction-2.png]
[www.cathay-ins.com.tw/cathayins/-/media/construction22x.png]
[www.cathay-ins.com.tw/cathayins/-/media/Cathay-Ins_Engineering Insurence_0138ca.pdf]
[www.cathay-ins.com.tw/cathayins/-/media/Cathay-Ins_Engineering Insurence_02a7d6.pdf]
[www.cathay-ins.com.tw/cathayins/-/media/Cathay-Ins_Engineering Insurence_03d8f6.pdf]
[www.cathay-ins.com.tw/cathayins/-/media/Cathay-Ins_Engineering Insurence_0427fe.pdf]
[www.cathay-ins.com.tw/cathayins/-/media/Cathay-Ins_Engineering Insurence_05d26e.pdf]
[www.cathay-ins.com.tw/cathayins/-/media/Cathay-Ins_Engineering Insurence_06b832.pdf]
[www.cathay-ins.com.tw/cathayins/-/media/constructionp12x2121.png]
[www.cathay-ins.com.tw/cathayins/-/media/constructionp22x8ab8.png]
[www.cathay-ins.com.tw/cathayins/-/media/constructionp32xfd8a.png]
[www.cathay-ins.com.tw/cathayins/-/media/constructionp42x97c9.png]
[www.cathay-ins.com.tw/cathayins/-/media/constructionp52x4de7.png]
[www.cathay-ins.com.tw/cathayins/-/media/constructionp62x38b6.png]
[www.cathay-ins.com.tw/cathayins/-/media/p_construction-s-1c8b9.png]
[www.cathay-ins.com.tw/cathayins/-/media/pconstructions12x71c0.png]
[www.cathay-ins.com.tw/cathayins/-/media/p_construction-s-2ddad.png]
[www.cathay-ins.com.tw/cathayins/-/media/pconstructions22x36ff.png]
[www.cathay-ins.com.tw/cathayins/-/media/p_construction-s-31a96.png]
[www.cathay-ins.com.tw/cathayins/-/media/pconstructions32x5d9f.png]
[www.cathay-ins.com.tw/cathayins/commercial/others/engineeringinsurence/index.html]
[www.cathay-ins.com.tw/cathayins/-/media/35-6.png]
[www.cathay-ins.com.tw/cathayins/-/media/352x-6.png]
[www.cathay-ins.com.tw/cathayins/-/media/member-2.png]
[www.cathay-ins.com.tw/cathayins/-/media/member22x.png]
[www.cathay-ins.com.tw/cathayins/-/media/memberp12xcb51.png]
[www.cathay-ins.com.tw/cathayins/-/media/Cathay-Ins_Group Insurence_01248f.pdf]
[www.cathay-ins.com.tw/cathayins/-/media/memberp22x5213.png]
[www.cathay-ins.com.tw/cathayins/-/media/Cathay-Ins_Group Insurence_0237ab.pdf]
[www.cathay-ins.com.tw/cathayins/-/media/memberp42xe803.png]
[www.cathay-ins.com.tw/cathayins/-/media/memberp52x63fc.png]
[www.cathay-ins.com.tw/cathayins/-/media/p_member-s-1e014.png]
[www.cathay-ins.com.tw/cathayins/-/media/pmembers12xc47e.png]
[www.cathay-ins.com.tw/cathayins/-/media/p_member-s-247ec.png]
[www.cathay-ins.com.tw/cathayins/-/media/pmembers22x53c3.png]
[www.cathay-ins.com.tw/cathayins/-/media/p_member-s-3038d.png]
[www.cathay-ins.com.tw/cathayins/-/media/pmembers32x0250.png]
[www.cathay-ins.com.tw/cathayins/commercial/others/groupinsurence/index.html]
[www.cathay-ins.com.tw/cathayins/-/media/35-7.png]
[www.cathay-ins.com.tw/cathayins/-/media/352x-7.png]
[www.cathay-ins.com.tw/cathayins/-/media/weak-2.png]
[www.cathay-ins.com.tw/cathayins/-/media/weak22x.png]
[www.cathay-ins.com.tw/cathayins/-/media/volunteerp12x.png]
[www.cathay-ins.com.tw/cathayins/-/media/Cathay-Ins_Micro Insurence_011000.pdf]
[www.cathay-ins.com.tw/cathayins/-/media/volunteerp22x.png]
[www.cathay-ins.com.tw/cathayins/commercial/others/microinsurence/index.html]
[www.cathay-ins.com.tw/cathayins/-/media/35-8.png]
[www.cathay-ins.com.tw/cathayins/-/media/352x-8.png]
[www.cathay-ins.com.tw/cathayins/-/media/volunteer-2.png]
[www.cathay-ins.com.tw/cathayins/-/media/volunteer22x.png]
[www.cathay-ins.com.tw/cathayins/-/media/volunteerp12x-2.png]
[www.cathay-ins.com.tw/cathayins/-/media/Cathay-Ins_Volunteer Insurence_017664.pdf]
[www.cathay-ins.com.tw/cathayins/-/media/volunteerp22x-2.png]
[www.cathay-ins.com.tw/cathayins/commercial/others/volunteerinsurence/index.html]
[www.cathay-ins.com.tw/cathayins/-/media/35-9.png]
[www.cathay-ins.com.tw/cathayins/-/media/352x-9.png]
[www.cathay-ins.com.tw/cathayins/-/media/product-2.png]
[www.cathay-ins.com.tw/cathayins/-/media/product22x.png]
[www.cathay-ins.com.tw/cathayins/-/media/productp12x.png]
[www.cathay-ins.com.tw/cathayins/-/media/Cathay-Ins_Product Insurence_013deb.pdf]
[www.cathay-ins.com.tw/cathayins/-/media/productp22x.png]
[www.cathay-ins.com.tw/cathayins/-/media/Cathay-Ins_Product Insurence_024a9d.pdf]
[www.cathay-ins.com.tw/cathayins/-/media/productp32x.png]
[www.cathay-ins.com.tw/cathayins/-/media/Cathay-Ins_Product Insurence_033a72.pdf]
[www.cathay-ins.com.tw/cathayins/-/media/productp42xa3fc.png]
[www.cathay-ins.com.tw/cathayins/-/media/productp52x1ba8.png]
[www.cathay-ins.com.tw/cathayins/-/media/productp62x2fc3.png]
[www.cathay-ins.com.tw/cathayins/-/media/p_product-s-1a347.png]
[www.cathay-ins.com.tw/cathayins/-/media/pproducts12xdcc4.png]
[www.cathay-ins.com.tw/cathayins/-/media/p_product-s-271d6.png]
[www.cathay-ins.com.tw/cathayins/-/media/pproducts22x3e2b.png]
[www.cathay-ins.com.tw/cathayins/-/media/p_product-s-30924.png]
[www.cathay-ins.com.tw/cathayins/-/media/pproducts32xac3c.png]
[www.cathay-ins.com.tw/cathayins/commercial/others/productinsurence/index.html]
[www.cathay-ins.com.tw/cathayins/-/media/35-10.png]
[www.cathay-ins.com.tw/cathayins/-/media/352x-10.png]
[www.cathay-ins.com.tw/cathayins/-/media/place_2.png]
[www.cathay-ins.com.tw/cathayins/-/media/place22x.png]
[www.cathay-ins.com.tw/cathayins/-/media/placep12x.png]
[www.cathay-ins.com.tw/cathayins/-/media/Cathay-Ins_Operation Insurence_01c050.pdf]
[www.cathay-ins.com.tw/cathayins/-/media/placesmallp22x.png]
[www.cathay-ins.com.tw/cathayins/-/media/Cathay-Ins_Operation Insurence_020c9a.pdf]
[www.cathay-ins.com.tw/cathayins/-/media/placesmallp32x.png]
[www.cathay-ins.com.tw/cathayins/-/media/Cathay-Ins_Operation Insurence_03b5ac.pdf]
[www.cathay-ins.com.tw/cathayins/-/media/placesmallp42x.png]
[www.cathay-ins.com.tw/cathayins/-/media/Cathay-Ins_Operation Insurence_046bae.pdf]
[www.cathay-ins.com.tw/cathayins/-/media/placesmallp52xd89a.png]
[www.cathay-ins.com.tw/cathayins/-/media/placesmallp62xee2f.png]
[www.cathay-ins.com.tw/cathayins/-/media/placesmallp72x0fdc.png]
[www.cathay-ins.com.tw/cathayins/-/media/placesmallp82x.png]
[www.cathay-ins.com.tw/cathayins/-/media/p_place-s-13384.png]
[www.cathay-ins.com.tw/cathayins/-/media/pplaces12xb61c.png]
[www.cathay-ins.com.tw/cathayins/-/media/p_place-s-211c4.png]
[www.cathay-ins.com.tw/cathayins/-/media/pplaces22xcd98.png]
[www.cathay-ins.com.tw/cathayins/-/media/p_place-s-3c0b7.png]
[www.cathay-ins.com.tw/cathayins/-/media/pplaces32x4c2d.png]
[www.cathay-ins.com.tw/cathayins/commercial/others/operationinsurence/index.html]
[www.cathay-ins.com.tw/cathayins/-/media/35-11.png]
[www.cathay-ins.com.tw/cathayins/-/media/352x-11.png]
[www.cathay-ins.com.tw/cathayins/-/media/employer-2.png]
[www.cathay-ins.com.tw/cathayins/-/media/employer22x.png]
[www.cathay-ins.com.tw/cathayins/-/media/employerp12x1.png]
[www.cathay-ins.com.tw/cathayins/-/media/Cathay-Ins_Employee Insurence_01ae1a.pdf]
[www.cathay-ins.com.tw/cathayins/-/media/employersmallp22x.png]
[www.cathay-ins.com.tw/cathayins/-/media/Cathay-Ins_Employee Insurence_025b04.pdf]
[www.cathay-ins.com.tw/cathayins/-/media/employersmallp32x.png]
[www.cathay-ins.com.tw/cathayins/-/media/Cathay-Ins_Employee Insurence_03fd6d.pdf]
[www.cathay-ins.com.tw/cathayins/-/media/employersmallp42x.png]
[www.cathay-ins.com.tw/cathayins/-/media/Cathay-Ins_Employee Insurence_04baac.pdf]
[www.cathay-ins.com.tw/cathayins/-/media/employersmallp52x.png]
[www.cathay-ins.com.tw/cathayins/-/media/Cathay-Ins_Employee Insurence_0523f7.pdf]
[www.cathay-ins.com.tw/cathayins/-/media/employersmallp62xbb9d.png]
[www.cathay-ins.com.tw/cathayins/-/media/employersmallp72x4083.png]
[www.cathay-ins.com.tw/cathayins/-/media/employersmallp82xc6e2.png]
[www.cathay-ins.com.tw/cathayins/-/media/employersmallp92x33d8.png]
[www.cathay-ins.com.tw/cathayins/-/media/employersmallp102xc0bf.png]
[www.cathay-ins.com.tw/cathayins/-/media/p_employer-s-118fa.png]
[www.cathay-ins.com.tw/cathayins/-/media/pemployers12xc6eb.png]
[www.cathay-ins.com.tw/cathayins/-/media/p_employer-s-2a49c.png]
[www.cathay-ins.com.tw/cathayins/-/media/pemployers22x9a9f.png]
[www.cathay-ins.com.tw/cathayins/-/media/p_employer-s-33ac9.png]
[www.cathay-ins.com.tw/cathayins/-/media/pemployers32x3c9e.png]
[www.cathay-ins.com.tw/cathayins/commercial/others/employeeinsurence/index.html]
[www.cathay-ins.com.tw/cathayins/-/media/35-12.png]
[www.cathay-ins.com.tw/cathayins/-/media/352x-12.png]
[www.cathay-ins.com.tw/cathayins/-/media/information-2.png]
[www.cathay-ins.com.tw/cathayins/-/media/information22x.png]
[www.cathay-ins.com.tw/cathayins/-/media/informationp12x.png]
[www.cathay-ins.com.tw/cathayins/-/media/Cathay-Ins_Cyber Insurence_017948.pdf]
[www.cathay-ins.com.tw/cathayins/-/media/informationsmallp22x.png]
[www.cathay-ins.com.tw/cathayins/-/media/p_information-s-1982d.png]
[www.cathay-ins.com.tw/cathayins/-/media/pinformations12x3fc1.png]
[www.cathay-ins.com.tw/cathayins/-/media/p_information-small-p-2ee2e.png]
[www.cathay-ins.com.tw/cathayins/-/media/pinformationsmallp22xf845.png]
[www.cathay-ins.com.tw/cathayins/-/media/p_information-small-p-36878.png]
[www.cathay-ins.com.tw/cathayins/-/media/pinformationsmallp32x4d7d.png]
[www.cathay-ins.com.tw/cathayins/commercial/others/cyberinsurence/index.html]
[www.cathay-ins.com.tw/cathayins/-/media/01.png]
[www.cathay-ins.com.tw/cathayins/-/media/012x.png]
[www.cathay-ins.com.tw/cathayins/-/media/02.png]
[www.cathay-ins.com.tw/cathayins/-/media/022x.png]
[www.cathay-ins.com.tw/cathayins/-/media/03.png]
[www.cathay-ins.com.tw/cathayins/-/media/Cathay-Ins_Duty Insurence_010a1c.pdf]
[www.cathay-ins.com.tw/cathayins/-/media/04.png]
[www.cathay-ins.com.tw/cathayins/-/media/Cathay-Ins_Duty Insurence_02552f.pdf]
[www.cathay-ins.com.tw/cathayins/-/media/05.png]
[www.cathay-ins.com.tw/cathayins/-/media/Cathay-Ins_Duty Insurence_033673.pdf]
[www.cathay-ins.com.tw/cathayins/-/media/060366.png]
[www.cathay-ins.com.tw/cathayins/-/media/07946d.png]
[www.cathay-ins.com.tw/cathayins/-/media/08ef73.png]
[www.cathay-ins.com.tw/cathayins/-/media/p_pro-s-10800.png]
[www.cathay-ins.com.tw/cathayins/-/media/ppros12x0e9b.png]
[www.cathay-ins.com.tw/cathayins/-/media/p_pro-s-2fe5c.png]
[www.cathay-ins.com.tw/cathayins/-/media/ppros22xca69.png]
[www.cathay-ins.com.tw/cathayins/-/media/p_pro-s-39ff5.png]
[www.cathay-ins.com.tw/cathayins/-/media/ppros32xa179.png]
[www.cathay-ins.com.tw/cathayins/commercial/others/dutyinsurence/index.html]
[www.cathay-ins.com.tw/cathayins/personal/popular/index.html]
[www.cathay-ins.com.tw/cathayins/personal/events/list/all/index.html]
[www.cathay-ins.com.tw/cathayins/news/Cathay insurance get award from SROI/index.html]
[www.cathay-ins.com.tw/cathayins/news/License_Tax/index-2.html]
[www.cathay-ins.com.tw/cathayins/news/copy-of-event_190901/index.html]
[www.cathay-ins.com.tw/cathayins/news/press_200201/index.html]
[www.cathay-ins.com.tw/cathayins/news/press_200103/index.html]
[www.cathay-ins.com.tw/cathayins/-/media/3064db4.jpg]
[www.cathay-ins.com.tw/cathayins/news/event_191102/index.html]
[www.cathay-ins.com.tw/cathayins/news/event_191101/index.html]
[www.cathay-ins.com.tw/cathayins/-/media/30501f449.png]
[www.cathay-ins.com.tw/cathayins/-/media/30502ca67.png]
[www.cathay-ins.com.tw/cathayins/news/press_191101/index.html]
[www.cathay-ins.com.tw/cathayins/-/media/297c601.jpg]
[www.cathay-ins.com.tw/cathayins/news/event_191001/index.html]
[www.cathay-ins.com.tw/cathayins/news/press_191003/index.html]
[www.cathay-ins.com.tw/cathayins/news/press_191002/index.html]
[www.cathay-ins.com.tw/cathayins/news/press_191001/index.html]
[www.cathay-ins.com.tw/cathayins/news/event_190901/index.html]
[www.cathay-ins.com.tw/cathayins/-/media/28744a7.jpg]
[www.cathay-ins.com.tw/cathayins/news/award_190802/index.html]
[www.cathay-ins.com.tw/cathayins/-/media/267ce20.jpg]
[www.cathay-ins.com.tw/cathayins/news/award_190801/index.html]
[www.cathay-ins.com.tw/cathayins/news/event_190702/index.html]
[www.cathay-ins.com.tw/cathayins/news/event_190701/index.html]
[www.cathay-ins.com.tw/cathayins/-/media/24919d5.jpg]
[www.cathay-ins.com.tw/cathayins/news/event_190601/index.html]
[www.cathay-ins.com.tw/cathayins/-/media/247fc19.jpg]
[www.cathay-ins.com.tw/cathayins/news/award_190602/index.html]
[www.cathay-ins.com.tw/cathayins/-/media/24843ec.jpg]
[www.cathay-ins.com.tw/cathayins/news/award_190601/index.html]
[www.cathay-ins.com.tw/cathayins/-/media/24462a2.jpg]
[www.cathay-ins.com.tw/cathayins/news/press_190501/index.html]
[www.cathay-ins.com.tw/cathayins/-/media/217013516.png]
[www.cathay-ins.com.tw/cathayins/-/media/21702a4e0.png]
[www.cathay-ins.com.tw/cathayins/news/press_190101/index.html]
[www.cathay-ins.com.tw/cathayins/-/media/19601ee80.png]
[www.cathay-ins.com.tw/cathayins/-/media/19602d382.png]
[www.cathay-ins.com.tw/cathayins/news/press_181002/index.html]
[www.cathay-ins.com.tw/cathayins/news/press_181001/index.html]
[www.cathay-ins.com.tw/cathayins/-/media/177010acb.jpg]
[www.cathay-ins.com.tw/cathayins/-/media/17702b1f0.png]
[www.cathay-ins.com.tw/cathayins/-/media/17703db8a.jpg]
[www.cathay-ins.com.tw/cathayins/news/award_180802/index.html]
[www.cathay-ins.com.tw/cathayins/-/media/17697ad.jpg]
[www.cathay-ins.com.tw/cathayins/news/award_180801/index.html]
[www.cathay-ins.com.tw/cathayins/-/media/172e5e3.jpg]
[www.cathay-ins.com.tw/cathayins/news/award_180602/index.html]
[www.cathay-ins.com.tw/cathayins/-/media/1711713.jpg]
[www.cathay-ins.com.tw/cathayins/news/award_180601/index.html]
[www.cathay-ins.com.tw/cathayins/news/press_180601/index.html]
[www.cathay-ins.com.tw/cathayins/-/media/113b6ff.jpg]
[www.cathay-ins.com.tw/cathayins/news/award_170802/index.html]
[www.cathay-ins.com.tw/cathayins/-/media/1067e85.jpg]
[www.cathay-ins.com.tw/cathayins/news/award_170801/index.html]
[www.cathay-ins.com.tw/cathayins/-/media/09545f3.jpg]
[www.cathay-ins.com.tw/cathayins/news/award_170501/index.html]
[www.cathay-ins.com.tw/cathayins/news/press_170401/index.html]
[www.cathay-ins.com.tw/cathayins/-/media/0691631.jpg]
[www.cathay-ins.com.tw/cathayins/news/award_161002/index.html]
[www.cathay-ins.com.tw/cathayins/-/media/068ff7c.jpg]
[www.cathay-ins.com.tw/cathayins/news/award_161001/index.html]
[www.cathay-ins.com.tw/cathayins/-/media/032e07b.jpg]
[www.cathay-ins.com.tw/cathayins/news/award_150701/index.html]
[www.cathay-ins.com.tw/cathayins/personal/others/index.html]
[www.cathay-ins.com.tw/cathayins/commercial/fireAccident/losscontrol/index-2.html]
[www.cathay-ins.com.tw/cathayins/commercial/trafficAccident/tap/index-2.html]
[www.cathay-ins.com.tw/cathayins/personal/events/list/travel/index.html]
[www.cathay-ins.com.tw/cathayins/personal/events/list/travel/201907q3/index.html]
[www.cathay-ins.com.tw/cathayins/personal/events/list/car/index.html]
[www.cathay-ins.com.tw/cathayins/personal/events/list/member/index.html]
[www.cathay-ins.com.tw/cathayins/company/sustainable/enviroment/index.html]
[www.cathay-ins.com.tw/cathayins/company/sustainable/prosperity/index.html]
[www.cathay-ins.com.tw/cathayins/company/sustainable/goverance/index.html]
[www.cathay-ins.com.tw/cathayins/company/sustainable/statement/index.html]
[www.cathay-ins.com.tw/cathayins/commercial/trafficaccident/index.html]
[www.cathay-ins.com.tw/cathayins/commercial/group/index.html]
[www.cathay-ins.com.tw/cathayins/commercial/popular/index.html]
[www.cathay-ins.com.tw/cathayins/commercial/others/index.html]
[www.cathay-ins.com.tw/cathayins/news/Copy of event_190901.html]
[www.cathay-ins.com.tw/cathayins/personal/events/list/car/201907sale/index.html]
[www.cathay-ins.com.tw/cathayins/personal/events/list/member/201810q4/index.html]
[www.cathay-ins.com.tw/cathayins/company/sustainable/statement/psi/index-2.html]
